
68. Executing CHECK pass (checking for obvious problems).
Checking module compute_core...
Warning: Wire compute_core.\y_out_flat [63] is used but has no driver.
Warning: Wire compute_core.\y_out_flat [62] is used but has no driver.
Warning: Wire compute_core.\y_out_flat [61] is used but has no driver.
Warning: Wire compute_core.\y_out_flat [60] is used but has no driver.
Warning: Wire compute_core.\y_out_flat [59] is used but has no driver.
Warning: Wire compute_core.\y_out_flat [58] is used but has no driver.
Warning: Wire compute_core.\y_out_flat [57] is used but has no driver.
Warning: Wire compute_core.\y_out_flat [56] is used but has no driver.
Warning: Wire compute_core.\y_out_flat [55] is used but has no driver.
Warning: Wire compute_core.\y_out_flat [54] is used but has no driver.
Warning: Wire compute_core.\y_out_flat [53] is used but has no driver.
Warning: Wire compute_core.\y_out_flat [52] is used but has no driver.
Warning: Wire compute_core.\y_out_flat [51] is used but has no driver.
Warning: Wire compute_core.\y_out_flat [50] is used but has no driver.
Warning: Wire compute_core.\y_out_flat [49] is used but has no driver.
Warning: Wire compute_core.\y_out_flat [48] is used but has no driver.
Warning: Wire compute_core.\y_out_flat [47] is used but has no driver.
Warning: Wire compute_core.\y_out_flat [46] is used but has no driver.
Warning: Wire compute_core.\y_out_flat [45] is used but has no driver.
Warning: Wire compute_core.\y_out_flat [44] is used but has no driver.
Warning: Wire compute_core.\y_out_flat [43] is used but has no driver.
Warning: Wire compute_core.\y_out_flat [42] is used but has no driver.
Warning: Wire compute_core.\y_out_flat [41] is used but has no driver.
Warning: Wire compute_core.\y_out_flat [40] is used but has no driver.
Warning: Wire compute_core.\y_out_flat [39] is used but has no driver.
Warning: Wire compute_core.\y_out_flat [38] is used but has no driver.
Warning: Wire compute_core.\y_out_flat [37] is used but has no driver.
Warning: Wire compute_core.\y_out_flat [36] is used but has no driver.
Warning: Wire compute_core.\y_out_flat [35] is used but has no driver.
Warning: Wire compute_core.\y_out_flat [34] is used but has no driver.
Warning: Wire compute_core.\y_out_flat [33] is used but has no driver.
Warning: Wire compute_core.\y_out_flat [32] is used but has no driver.
Warning: Wire compute_core.\y_out_flat [31] is used but has no driver.
Warning: Wire compute_core.\y_out_flat [30] is used but has no driver.
Warning: Wire compute_core.\y_out_flat [29] is used but has no driver.
Warning: Wire compute_core.\y_out_flat [28] is used but has no driver.
Warning: Wire compute_core.\y_out_flat [27] is used but has no driver.
Warning: Wire compute_core.\y_out_flat [26] is used but has no driver.
Warning: Wire compute_core.\y_out_flat [25] is used but has no driver.
Warning: Wire compute_core.\y_out_flat [24] is used but has no driver.
Warning: Wire compute_core.\y_out_flat [23] is used but has no driver.
Warning: Wire compute_core.\y_out_flat [22] is used but has no driver.
Warning: Wire compute_core.\y_out_flat [21] is used but has no driver.
Warning: Wire compute_core.\y_out_flat [20] is used but has no driver.
Warning: Wire compute_core.\y_out_flat [19] is used but has no driver.
Warning: Wire compute_core.\y_out_flat [18] is used but has no driver.
Warning: Wire compute_core.\y_out_flat [17] is used but has no driver.
Warning: Wire compute_core.\y_out_flat [16] is used but has no driver.
Warning: Wire compute_core.\y_out_flat [15] is used but has no driver.
Warning: Wire compute_core.\y_out_flat [14] is used but has no driver.
Warning: Wire compute_core.\y_out_flat [13] is used but has no driver.
Warning: Wire compute_core.\y_out_flat [12] is used but has no driver.
Warning: Wire compute_core.\y_out_flat [11] is used but has no driver.
Warning: Wire compute_core.\y_out_flat [10] is used but has no driver.
Warning: Wire compute_core.\y_out_flat [9] is used but has no driver.
Warning: Wire compute_core.\y_out_flat [8] is used but has no driver.
Warning: Wire compute_core.\y_out_flat [7] is used but has no driver.
Warning: Wire compute_core.\y_out_flat [6] is used but has no driver.
Warning: Wire compute_core.\y_out_flat [5] is used but has no driver.
Warning: Wire compute_core.\y_out_flat [4] is used but has no driver.
Warning: Wire compute_core.\y_out_flat [3] is used but has no driver.
Warning: Wire compute_core.\y_out_flat [2] is used but has no driver.
Warning: Wire compute_core.\y_out_flat [1] is used but has no driver.
Warning: Wire compute_core.\y_out_flat [0] is used but has no driver.
Warning: Wire compute_core.\valid_out is used but has no driver.
Warning: Wire compute_core.\ready_in is used but has no driver.
Found and reported 66 problems.
