Partial/Required:  4.34, Required:    400.0, Partial:   1737.0, Net: net259, Pin: hold2266/A, Layer: met1
Partial/Required:  3.72, Required:    400.0, Partial:  1486.47, Net: net225, Pin: output225/A, Layer: met1
Partial/Required:  3.08, Required:    400.0, Partial:  1233.51, Net: net147, Pin: _36074_/A, Layer: met1
Partial/Required:  2.38, Required:    400.0, Partial:   953.44, Net: _10525_, Pin: _32437_/C, Layer: met1
Partial/Required:  1.99, Required:    400.0, Partial:   796.22, Net: pre_mul_gen\[3\].u_pre_mul.mul_out\[10\], Pin: hold2297/A, Layer: met1
Partial/Required:  1.92, Required:    400.0, Partial:   769.56, Net: pre_mul_gen\[3\].u_pre_mul.mul_out\[12\], Pin: hold2308/A, Layer: met1
Partial/Required:  1.72, Required:    400.0, Partial:   689.87, Net: net230, Pin: output230/A, Layer: met1
Partial/Required:  1.68, Required:    400.0, Partial:   672.34, Net: net178, Pin: _34565_/A1, Layer: met1
Partial/Required:  1.62, Required:    400.0, Partial:   648.47, Net: net200, Pin: output200/A, Layer: met1
Partial/Required:  1.60, Required:    400.0, Partial:   641.78, Net: u_array.row_gen\[3\].col_gen\[0\].u_pe.x_out\[2\], Pin: _23973_/A0, Layer: met1
Partial/Required:  1.57, Required:    400.0, Partial:   629.75, Net: _15113_, Pin: _18968_/A, Layer: met1
Partial/Required:  1.57, Required:    400.0, Partial:   627.62, Net: net97, Pin: _31505_/A, Layer: met1
Partial/Required:  1.55, Required:    400.0, Partial:   619.67, Net: u_array.row_gen\[3\].col_gen\[0\].u_pe.w_out, Pin: _23494_/A1, Layer: met1
Partial/Required:  1.55, Required:    400.0, Partial:   618.33, Net: net61, Pin: _35236_/A, Layer: met1
Partial/Required:  1.53, Required:    400.0, Partial:   613.33, Net: _17637_, Pin: _26928_/C, Layer: met1
Partial/Required:  1.52, Required:    400.0, Partial:   608.31, Net: net255, Pin: _31350_/A1, Layer: met1
Partial/Required:  1.43, Required:    400.0, Partial:   571.02, Net: net155, Pin: _36716_/A1, Layer: met1
Partial/Required:  1.43, Required:    400.0, Partial:   571.02, Net: net155, Pin: _36007_/C, Layer: met1
Partial/Required:  1.40, Required:    400.0, Partial:   560.89, Net: u_array.row_gen\[3\].col_gen\[1\].u_pe.w_out, Pin: _22639_/A1, Layer: met1
Partial/Required:  1.40, Required:    400.0, Partial:   559.56, Net: u_array.row_gen\[3\].col_gen\[0\].u_pe.x_out\[3\], Pin: _22296_/A, Layer: met1
Partial/Required:  1.36, Required:    400.0, Partial:   543.84, Net: net255, Pin: output255/A, Layer: met2
Partial/Required:  1.34, Required:    400.0, Partial:   537.46, Net: _17507_, Pin: _21380_/A, Layer: met1
Partial/Required:  1.31, Required:    400.0, Partial:   524.22, Net: _04774_, Pin: _27922_/A, Layer: met1
Partial/Required:  1.30, Required:    400.0, Partial:   519.97, Net: net260, Pin: output260/A, Layer: met1
Partial/Required:  1.25, Required:    400.0, Partial:   498.56, Net: _07910_, Pin: _29486_/A, Layer: met1
Partial/Required:  1.22, Required:    400.0, Partial:   488.23, Net: _14360_, Pin: _36765_/A, Layer: met1
Partial/Required:  1.21, Required:    400.0, Partial:   484.56, Net: _18042_, Pin: _28049_/C, Layer: met1
Partial/Required:  1.21, Required:    400.0, Partial:   482.51, Net: _16229_, Pin: _27244_/B, Layer: met1
Partial/Required:  1.19, Required:    400.0, Partial:   474.89, Net: u_array.row_gen\[3\].col_gen\[1\].u_pe.x_out\[8\], Pin: _23344_/A0, Layer: met1
Partial/Required:  1.18, Required:    400.0, Partial:   472.33, Net: _15548_, Pin: _27814_/A, Layer: met1
Partial/Required:  1.16, Required:    400.0, Partial:   463.22, Net: post_mul_gen\[0\].u_post_mul.valid_s1, Pin: _18788_/B, Layer: met1
Partial/Required:  1.15, Required:    400.0, Partial:   460.11, Net: u_array.row_gen\[3\].col_gen\[0\].u_pe.u_fp16_adder.exp_max_s2\[3\], Pin: _24143_/A0, Layer: met1
Partial/Required:  1.14, Required:    400.0, Partial:   454.56, Net: net2613, Pin: _29104_/A1, Layer: met1
Partial/Required:  1.10, Required:    400.0, Partial:   439.06, Net: net162, Pin: _35281_/A, Layer: met1
Partial/Required:  1.08, Required:    400.0, Partial:   432.89, Net: pre_mul_gen\[3\].u_pre_mul.mul_out\[11\], Pin: _29350_/A1, Layer: met1
Partial/Required:  1.08, Required:    400.0, Partial:   431.78, Net: _15547_, Pin: _25604_/A, Layer: met1
Partial/Required:  1.07, Required:    400.0, Partial:   428.78, Net: _05694_, Pin: _27058_/A1, Layer: met1
Partial/Required:  1.07, Required:    400.0, Partial:   428.12, Net: net250, Pin: output250/A, Layer: met2
Partial/Required:  1.06, Required:    400.0, Partial:   424.56, Net: _16494_, Pin: _21522_/B, Layer: met1
Partial/Required:  1.06, Required:    400.0, Partial:   422.11, Net: net164, Pin: _35319_/B, Layer: met1
Partial/Required:  1.05, Required:    400.0, Partial:   418.56, Net: pre_mul_gen\[2\].u_pre_mul.mul_out\[1\], Pin: hold2400/A, Layer: met1
Partial/Required:  1.04, Required:    400.0, Partial:   414.06, Net: u_array.row_gen\[1\].col_gen\[0\].u_pe.x_out\[7\], Pin: _27974_/A0, Layer: met1
Partial/Required:  1.04, Required:    400.0, Partial:   414.06, Net: u_array.row_gen\[1\].col_gen\[0\].u_pe.x_out\[7\], Pin: _27655_/A0, Layer: met1
Partial/Required:  1.03, Required:    400.0, Partial:   412.78, Net: u_array.p_wire\[11\]\[6\], Pin: _23757_/A, Layer: met1
Partial/Required:  1.02, Required:   2956.4, Partial:  3030.01, Net: net127, Pin: _33201_/A, Layer: met3
Partial/Required:  1.02, Required:   2956.4, Partial:  3030.01, Net: net127, Pin: _33253_/A, Layer: met3
Partial/Required:  1.01, Required:    400.0, Partial:   405.77, Net: net224, Pin: output224/A, Layer: met2
Partial/Required:  1.00, Required:    400.0, Partial:   401.33, Net: _09495_, Pin: _33931_/A, Layer: met1
Partial/Required:  1.00, Required:    400.0, Partial:   400.11, Net: net18, Pin: _36207_/A, Layer: met1
