
===========================================================================
report_checks -unconstrained
===========================================================================
======================= Fastest Corner ===================================

Startpoint: rst_n (input port clocked by clk)
Endpoint: _37833_ (recovery check against rising-edge clock clk)
Path Group: asynchronous
Path Type: max
Corner: Fastest

Fanout     Cap    Slew   Delay    Time   Description
-----------------------------------------------------------------------------
                          0.00    0.00   clock clk (rise edge)
                          0.00    0.00   clock network delay (propagated)
                          2.00    2.00 ^ input external delay
                  0.02    0.01    2.01 ^ rst_n (in)
     1    0.00                           rst_n (net)
                  0.02    0.00    2.01 ^ hold104/A (sky130_fd_sc_hd__dlygate4sd3_1)
                  0.04    0.38    2.39 ^ hold104/X (sky130_fd_sc_hd__dlygate4sd3_1)
     1    0.00                           net520 (net)
                  0.04    0.00    2.39 ^ input132/A (sky130_fd_sc_hd__clkbuf_2)
                  0.13    0.14    2.53 ^ input132/X (sky130_fd_sc_hd__clkbuf_2)
     2    0.03                           net132 (net)
                  0.13    0.00    2.54 ^ fanout356/A (sky130_fd_sc_hd__buf_4)
                  0.24    0.24    2.78 ^ fanout356/X (sky130_fd_sc_hd__buf_4)
     5    0.11                           net356 (net)
                  0.24    0.02    2.80 ^ fanout347/A (sky130_fd_sc_hd__buf_2)
                  0.16    0.20    3.00 ^ fanout347/X (sky130_fd_sc_hd__buf_2)
     5    0.04                           net347 (net)
                  0.16    0.00    3.00 ^ fanout346/A (sky130_fd_sc_hd__buf_4)
                  0.17    0.20    3.21 ^ fanout346/X (sky130_fd_sc_hd__buf_4)
    10    0.08                           net346 (net)
                  0.17    0.01    3.21 ^ fanout345/A (sky130_fd_sc_hd__clkbuf_4)
                  0.11    0.18    3.39 ^ fanout345/X (sky130_fd_sc_hd__clkbuf_4)
     8    0.05                           net345 (net)
                  0.11    0.00    3.40 ^ fanout344/A (sky130_fd_sc_hd__clkbuf_4)
                  0.13    0.18    3.58 ^ fanout344/X (sky130_fd_sc_hd__clkbuf_4)
    10    0.05                           net344 (net)
                  0.13    0.00    3.58 ^ fanout343/A (sky130_fd_sc_hd__clkbuf_4)
                  0.14    0.20    3.78 ^ fanout343/X (sky130_fd_sc_hd__clkbuf_4)
    10    0.06                           net343 (net)
                  0.14    0.00    3.78 ^ _37833_/RESET_B (sky130_fd_sc_hd__dfrtp_1)
                                  3.78   data arrival time

                         10.00   10.00   clock clk (rise edge)
                          0.00   10.00   clock source latency
                  0.38    0.26   10.26 ^ clk (in)
     2    0.11                           clk (net)
                  0.38    0.00   10.26 ^ clkbuf_0_clk/A (sky130_fd_sc_hd__clkbuf_16)
                  0.13    0.20   10.45 ^ clkbuf_0_clk/X (sky130_fd_sc_hd__clkbuf_16)
     4    0.16                           clknet_0_clk (net)
                  0.13    0.01   10.46 ^ clkbuf_2_1_0_clk/A (sky130_fd_sc_hd__clkbuf_8)
                  0.26    0.25   10.71 ^ clkbuf_2_1_0_clk/X (sky130_fd_sc_hd__clkbuf_8)
     8    0.20                           clknet_2_1_0_clk (net)
                  0.26    0.02   10.73 ^ clkbuf_5_8__f_clk/A (sky130_fd_sc_hd__clkbuf_16)
                  0.13    0.19   10.92 ^ clkbuf_5_8__f_clk/X (sky130_fd_sc_hd__clkbuf_16)
    12    0.15                           clknet_5_8__leaf_clk (net)
                  0.13    0.01   10.93 ^ clkbuf_leaf_85_clk/A (sky130_fd_sc_hd__clkbuf_16)
                  0.03    0.11   11.03 ^ clkbuf_leaf_85_clk/X (sky130_fd_sc_hd__clkbuf_16)
     6    0.02                           clknet_leaf_85_clk (net)
                  0.03    0.00   11.03 ^ _37833_/CLK (sky130_fd_sc_hd__dfrtp_1)
                         -0.25   10.78   clock uncertainty
                          0.00   10.78   clock reconvergence pessimism
                          0.12   10.91   library recovery time
                                 10.91   data required time
-----------------------------------------------------------------------------
                                 10.91   data required time
                                 -3.78   data arrival time
-----------------------------------------------------------------------------
                                  7.13   slack (MET)


Startpoint: x_in_flat[27] (input port clocked by clk)
Endpoint: _40375_ (rising edge-triggered flip-flop clocked by clk)
Path Group: clk
Path Type: max
Corner: Fastest

Fanout     Cap    Slew   Delay    Time   Description
-----------------------------------------------------------------------------
                          0.00    0.00   clock clk (rise edge)
                          0.00    0.00   clock network delay (propagated)
                          2.00    2.00 v input external delay
                  0.01    0.01    2.01 v x_in_flat[27] (in)
     1    0.01                           x_in_flat[27] (net)
                  0.01    0.00    2.01 v input154/A (sky130_fd_sc_hd__buf_6)
                  0.08    0.10    2.11 v input154/X (sky130_fd_sc_hd__buf_6)
     3    0.16                           net154 (net)
                  0.20    0.10    2.20 v _36007_/D (sky130_fd_sc_hd__or4_1)
                  0.06    0.30    2.51 v _36007_/X (sky130_fd_sc_hd__or4_1)
     1    0.01                           _13642_ (net)
                  0.06    0.00    2.51 v _36008_/B1 (sky130_fd_sc_hd__o22a_4)
                  0.13    0.24    2.74 v _36008_/X (sky130_fd_sc_hd__o22a_4)
     6    0.12                           _13643_ (net)
                  0.13    0.02    2.76 v _36009_/A (sky130_fd_sc_hd__buf_2)
                  0.08    0.18    2.94 v _36009_/X (sky130_fd_sc_hd__buf_2)
    10    0.05                           _13644_ (net)
                  0.08    0.01    2.95 v _36035_/B (sky130_fd_sc_hd__and2_1)
                  0.03    0.12    3.07 v _36035_/X (sky130_fd_sc_hd__and2_1)
     1    0.00                           _13667_ (net)
                  0.03    0.00    3.07 v _36036_/A (sky130_fd_sc_hd__clkbuf_4)
                  0.08    0.14    3.21 v _36036_/X (sky130_fd_sc_hd__clkbuf_4)
    10    0.05                           _13668_ (net)
                  0.08    0.01    3.22 v _36067_/B (sky130_fd_sc_hd__and4b_1)
                  0.05    0.16    3.37 v _36067_/X (sky130_fd_sc_hd__and4b_1)
     3    0.01                           _13697_ (net)
                  0.05    0.00    3.37 v _36098_/B (sky130_fd_sc_hd__or2_1)
                  0.05    0.16    3.53 v _36098_/X (sky130_fd_sc_hd__or2_1)
     2    0.01                           _13727_ (net)
                  0.05    0.00    3.53 v _36099_/B (sky130_fd_sc_hd__xnor2_1)
                  0.06    0.10    3.63 v _36099_/Y (sky130_fd_sc_hd__xnor2_1)
     2    0.01                           _13728_ (net)
                  0.06    0.00    3.63 v _36100_/B (sky130_fd_sc_hd__or2_1)
                  0.05    0.16    3.79 v _36100_/X (sky130_fd_sc_hd__or2_1)
     3    0.01                           _13729_ (net)
                  0.05    0.00    3.79 v _36134_/A (sky130_fd_sc_hd__xnor2_1)
                  0.17    0.18    3.98 ^ _36134_/Y (sky130_fd_sc_hd__xnor2_1)
     2    0.01                           _13762_ (net)
                  0.17    0.00    3.98 ^ _36141_/A (sky130_fd_sc_hd__xor2_1)
                  0.15    0.16    4.13 ^ _36141_/X (sky130_fd_sc_hd__xor2_1)
     2    0.01                           _13769_ (net)
                  0.15    0.00    4.14 ^ _36142_/B (sky130_fd_sc_hd__xnor2_1)
                  0.15    0.11    4.25 ^ _36142_/Y (sky130_fd_sc_hd__xnor2_1)
     2    0.01                           _13770_ (net)
                  0.15    0.00    4.25 ^ _36145_/A (sky130_fd_sc_hd__xor2_1)
                  0.14    0.15    4.40 ^ _36145_/X (sky130_fd_sc_hd__xor2_1)
     2    0.01                           _13773_ (net)
                  0.14    0.00    4.40 ^ _36146_/B (sky130_fd_sc_hd__xnor2_1)
                  0.16    0.12    4.51 ^ _36146_/Y (sky130_fd_sc_hd__xnor2_1)
     2    0.01                           _13774_ (net)
                  0.16    0.00    4.51 ^ _36147_/B1 (sky130_fd_sc_hd__o21ai_2)
                  0.05    0.05    4.56 v _36147_/Y (sky130_fd_sc_hd__o21ai_2)
     3    0.01                           _13775_ (net)
                  0.05    0.00    4.56 v _36192_/A2 (sky130_fd_sc_hd__a211o_1)
                  0.06    0.23    4.79 v _36192_/X (sky130_fd_sc_hd__a211o_1)
     3    0.01                           _13819_ (net)
                  0.06    0.00    4.79 v _36241_/A2 (sky130_fd_sc_hd__a211o_1)
                  0.06    0.23    5.02 v _36241_/X (sky130_fd_sc_hd__a211o_1)
     3    0.01                           _13867_ (net)
                  0.06    0.00    5.02 v _36296_/A2 (sky130_fd_sc_hd__a21o_1)
                  0.05    0.15    5.18 v _36296_/X (sky130_fd_sc_hd__a21o_1)
     3    0.01                           _13921_ (net)
                  0.05    0.00    5.18 v _36345_/A2 (sky130_fd_sc_hd__a21o_1)
                  0.04    0.14    5.32 v _36345_/X (sky130_fd_sc_hd__a21o_1)
     3    0.01                           _13969_ (net)
                  0.04    0.00    5.32 v _36407_/A2 (sky130_fd_sc_hd__a21o_1)
                  0.05    0.15    5.47 v _36407_/X (sky130_fd_sc_hd__a21o_1)
     3    0.01                           _14030_ (net)
                  0.05    0.00    5.47 v _36459_/A2 (sky130_fd_sc_hd__a21o_1)
                  0.05    0.15    5.62 v _36459_/X (sky130_fd_sc_hd__a21o_1)
     3    0.01                           _14081_ (net)
                  0.05    0.00    5.62 v _36510_/A2 (sky130_fd_sc_hd__a21o_1)
                  0.05    0.15    5.76 v _36510_/X (sky130_fd_sc_hd__a21o_1)
     3    0.01                           _14131_ (net)
                  0.05    0.00    5.76 v _36550_/A2 (sky130_fd_sc_hd__a21o_1)
                  0.06    0.16    5.92 v _36550_/X (sky130_fd_sc_hd__a21o_1)
     3    0.01                           _14170_ (net)
                  0.06    0.00    5.92 v _36585_/A2 (sky130_fd_sc_hd__a21o_1)
                  0.05    0.15    6.07 v _36585_/X (sky130_fd_sc_hd__a21o_1)
     3    0.01                           _14204_ (net)
                  0.05    0.00    6.07 v _36615_/A2 (sky130_fd_sc_hd__a21o_1)
                  0.04    0.14    6.22 v _36615_/X (sky130_fd_sc_hd__a21o_1)
     3    0.01                           _14233_ (net)
                  0.04    0.00    6.22 v _36642_/A2 (sky130_fd_sc_hd__a21o_1)
                  0.05    0.14    6.36 v _36642_/X (sky130_fd_sc_hd__a21o_1)
     3    0.01                           _14259_ (net)
                  0.05    0.00    6.36 v _36664_/A1 (sky130_fd_sc_hd__a21o_1)
                  0.04    0.13    6.49 v _36664_/X (sky130_fd_sc_hd__a21o_1)
     3    0.01                           _14280_ (net)
                  0.04    0.00    6.49 v _36680_/A1 (sky130_fd_sc_hd__a21o_1)
                  0.04    0.13    6.62 v _36680_/X (sky130_fd_sc_hd__a21o_1)
     3    0.01                           _14295_ (net)
                  0.04    0.00    6.62 v _36688_/A1 (sky130_fd_sc_hd__a21oi_1)
                  0.13    0.13    6.75 ^ _36688_/Y (sky130_fd_sc_hd__a21oi_1)
     2    0.01                           _14302_ (net)
                  0.13    0.00    6.75 ^ _36690_/A1_N (sky130_fd_sc_hd__a2bb2o_1)
                  0.03    0.14    6.89 v _36690_/X (sky130_fd_sc_hd__a2bb2o_1)
     1    0.00                           _02800_ (net)
                  0.03    0.00    6.89 v _40375_/D (sky130_fd_sc_hd__dfxtp_1)
                                  6.89   data arrival time

                         10.00   10.00   clock clk (rise edge)
                          0.00   10.00   clock source latency
                  0.38    0.26   10.26 ^ clk (in)
     2    0.11                           clk (net)
                  0.38    0.00   10.26 ^ clkbuf_0_clk/A (sky130_fd_sc_hd__clkbuf_16)
                  0.13    0.20   10.45 ^ clkbuf_0_clk/X (sky130_fd_sc_hd__clkbuf_16)
     4    0.16                           clknet_0_clk (net)
                  0.13    0.01   10.46 ^ clkbuf_2_0_0_clk/A (sky130_fd_sc_hd__clkbuf_8)
                  0.27    0.26   10.72 ^ clkbuf_2_0_0_clk/X (sky130_fd_sc_hd__clkbuf_8)
     8    0.21                           clknet_2_0_0_clk (net)
                  0.27    0.01   10.73 ^ clkbuf_5_4__f_clk/A (sky130_fd_sc_hd__clkbuf_16)
                  0.13    0.19   10.92 ^ clkbuf_5_4__f_clk/X (sky130_fd_sc_hd__clkbuf_16)
    12    0.15                           clknet_5_4__leaf_clk (net)
                  0.13    0.01   10.93 ^ clkbuf_leaf_375_clk/A (sky130_fd_sc_hd__clkbuf_16)
                  0.04    0.11   11.04 ^ clkbuf_leaf_375_clk/X (sky130_fd_sc_hd__clkbuf_16)
     8    0.03                           clknet_leaf_375_clk (net)
                  0.04    0.00   11.04 ^ _40375_/CLK (sky130_fd_sc_hd__dfxtp_1)
                         -0.25   10.79   clock uncertainty
                          0.00   10.79   clock reconvergence pessimism
                         -0.07   10.72   library setup time
                                 10.72   data required time
-----------------------------------------------------------------------------
                                 10.72   data required time
                                 -6.89   data arrival time
-----------------------------------------------------------------------------
                                  3.83   slack (MET)



======================= Slowest Corner ===================================

Startpoint: rst_n (input port clocked by clk)
Endpoint: _37833_ (recovery check against rising-edge clock clk)
Path Group: asynchronous
Path Type: max
Corner: Slowest

Fanout     Cap    Slew   Delay    Time   Description
-----------------------------------------------------------------------------
                          0.00    0.00   clock clk (rise edge)
                          0.00    0.00   clock network delay (propagated)
                          2.00    2.00 ^ input external delay
                  0.03    0.02    2.02 ^ rst_n (in)
     1    0.00                           rst_n (net)
                  0.03    0.00    2.02 ^ hold104/A (sky130_fd_sc_hd__dlygate4sd3_1)
                  0.09    1.07    3.09 ^ hold104/X (sky130_fd_sc_hd__dlygate4sd3_1)
     1    0.00                           net520 (net)
                  0.09    0.00    3.09 ^ input132/A (sky130_fd_sc_hd__clkbuf_2)
                  0.26    0.35    3.44 ^ input132/X (sky130_fd_sc_hd__clkbuf_2)
     2    0.03                           net132 (net)
                  0.26    0.00    3.44 ^ fanout356/A (sky130_fd_sc_hd__buf_4)
                  0.50    0.63    4.07 ^ fanout356/X (sky130_fd_sc_hd__buf_4)
     5    0.11                           net356 (net)
                  0.50    0.02    4.09 ^ fanout347/A (sky130_fd_sc_hd__buf_2)
                  0.33    0.59    4.68 ^ fanout347/X (sky130_fd_sc_hd__buf_2)
     5    0.04                           net347 (net)
                  0.33    0.00    4.68 ^ fanout346/A (sky130_fd_sc_hd__buf_4)
                  0.34    0.55    5.23 ^ fanout346/X (sky130_fd_sc_hd__buf_4)
    10    0.08                           net346 (net)
                  0.34    0.01    5.24 ^ fanout345/A (sky130_fd_sc_hd__clkbuf_4)
                  0.22    0.50    5.74 ^ fanout345/X (sky130_fd_sc_hd__clkbuf_4)
     8    0.04                           net345 (net)
                  0.22    0.00    5.74 ^ fanout344/A (sky130_fd_sc_hd__clkbuf_4)
                  0.25    0.47    6.21 ^ fanout344/X (sky130_fd_sc_hd__clkbuf_4)
    10    0.05                           net344 (net)
                  0.25    0.00    6.21 ^ fanout343/A (sky130_fd_sc_hd__clkbuf_4)
                  0.27    0.50    6.71 ^ fanout343/X (sky130_fd_sc_hd__clkbuf_4)
    10    0.06                           net343 (net)
                  0.27    0.00    6.72 ^ _37833_/RESET_B (sky130_fd_sc_hd__dfrtp_1)
                                  6.72   data arrival time

                         10.00   10.00   clock clk (rise edge)
                          0.00   10.00   clock source latency
                  0.81    0.55   10.55 ^ clk (in)
     2    0.11                           clk (net)
                  0.81    0.00   10.55 ^ clkbuf_0_clk/A (sky130_fd_sc_hd__clkbuf_16)
                  0.26    0.63   11.18 ^ clkbuf_0_clk/X (sky130_fd_sc_hd__clkbuf_16)
     4    0.16                           clknet_0_clk (net)
                  0.26    0.01   11.19 ^ clkbuf_2_1_0_clk/A (sky130_fd_sc_hd__clkbuf_8)
                  0.52    0.61   11.80 ^ clkbuf_2_1_0_clk/X (sky130_fd_sc_hd__clkbuf_8)
     8    0.20                           clknet_2_1_0_clk (net)
                  0.52    0.02   11.81 ^ clkbuf_5_8__f_clk/A (sky130_fd_sc_hd__clkbuf_16)
                  0.25    0.53   12.35 ^ clkbuf_5_8__f_clk/X (sky130_fd_sc_hd__clkbuf_16)
    12    0.15                           clknet_5_8__leaf_clk (net)
                  0.26    0.01   12.36 ^ clkbuf_leaf_85_clk/A (sky130_fd_sc_hd__clkbuf_16)
                  0.07    0.29   12.64 ^ clkbuf_leaf_85_clk/X (sky130_fd_sc_hd__clkbuf_16)
     6    0.02                           clknet_leaf_85_clk (net)
                  0.07    0.00   12.65 ^ _37833_/CLK (sky130_fd_sc_hd__dfrtp_1)
                         -0.25   12.40   clock uncertainty
                          0.00   12.40   clock reconvergence pessimism
                          0.39   12.78   library recovery time
                                 12.78   data required time
-----------------------------------------------------------------------------
                                 12.78   data required time
                                 -6.72   data arrival time
-----------------------------------------------------------------------------
                                  6.07   slack (MET)


Startpoint: _40120_ (rising edge-triggered flip-flop clocked by clk)
Endpoint: _39910_ (rising edge-triggered flip-flop clocked by clk)
Path Group: clk
Path Type: max
Corner: Slowest

Fanout     Cap    Slew   Delay    Time   Description
-----------------------------------------------------------------------------
                          0.00    0.00   clock clk (rise edge)
                          0.00    0.00   clock source latency
                  0.81    0.61    0.61 ^ clk (in)
     2    0.11                           clk (net)
                  0.81    0.00    0.61 ^ clkbuf_0_clk/A (sky130_fd_sc_hd__clkbuf_16)
                  0.26    0.69    1.30 ^ clkbuf_0_clk/X (sky130_fd_sc_hd__clkbuf_16)
     4    0.16                           clknet_0_clk (net)
                  0.26    0.01    1.31 ^ clkbuf_2_3_0_clk/A (sky130_fd_sc_hd__clkbuf_8)
                  0.52    0.67    1.98 ^ clkbuf_2_3_0_clk/X (sky130_fd_sc_hd__clkbuf_8)
     8    0.20                           clknet_2_3_0_clk (net)
                  0.52    0.02    2.00 ^ clkbuf_5_26__f_clk/A (sky130_fd_sc_hd__clkbuf_16)
                  0.30    0.62    2.62 ^ clkbuf_5_26__f_clk/X (sky130_fd_sc_hd__clkbuf_16)
    13    0.18                           clknet_5_26__leaf_clk (net)
                  0.30    0.01    2.63 ^ clkbuf_leaf_163_clk/A (sky130_fd_sc_hd__clkbuf_16)
                  0.10    0.37    3.00 ^ clkbuf_leaf_163_clk/X (sky130_fd_sc_hd__clkbuf_16)
    13    0.04                           clknet_leaf_163_clk (net)
                  0.10    0.00    3.00 ^ _40120_/CLK (sky130_fd_sc_hd__dfrtp_1)
                  0.12    0.84    3.84 v _40120_/Q (sky130_fd_sc_hd__dfrtp_1)
     2    0.01                           col_deskew_out[1].genblk1.u_deskew_buf.gen_delay.ptr[1] (net)
                  0.12    0.00    3.84 v _32122_/A (sky130_fd_sc_hd__buf_6)
                  0.07    0.28    4.12 v _32122_/X (sky130_fd_sc_hd__buf_6)
     6    0.03                           _10221_ (net)
                  0.07    0.00    4.12 v _32127_/A (sky130_fd_sc_hd__nor3b_4)
                  0.39    0.48    4.60 ^ _32127_/Y (sky130_fd_sc_hd__nor3b_4)
     3    0.02                           _10226_ (net)
                  0.39    0.00    4.60 ^ _32129_/C1 (sky130_fd_sc_hd__a2111oi_4)
                  0.13    0.20    4.80 v _32129_/Y (sky130_fd_sc_hd__a2111oi_4)
     2    0.01                           _10228_ (net)
                  0.13    0.00    4.80 v max_cap300/A (sky130_fd_sc_hd__buf_4)
                  0.08    0.32    5.12 v max_cap300/X (sky130_fd_sc_hd__buf_4)
     3    0.02                           net300 (net)
                  0.08    0.00    5.12 v wire298/A (sky130_fd_sc_hd__clkbuf_2)
                  0.19    0.31    5.44 v wire298/X (sky130_fd_sc_hd__clkbuf_2)
     3    0.03                           net298 (net)
                  0.19    0.00    5.44 v _32140_/A2 (sky130_fd_sc_hd__a2111oi_2)
                  1.07    1.22    6.66 ^ _32140_/Y (sky130_fd_sc_hd__a2111oi_2)
     1    0.02                           _10239_ (net)
                  1.07    0.00    6.66 ^ wire287/A (sky130_fd_sc_hd__clkbuf_2)
                  0.24    0.68    7.34 ^ wire287/X (sky130_fd_sc_hd__clkbuf_2)
     3    0.03                           net287 (net)
                  0.24    0.00    7.34 ^ _32141_/B (sky130_fd_sc_hd__and2_4)
                  0.25    0.53    7.87 ^ _32141_/X (sky130_fd_sc_hd__and2_4)
     3    0.05                           _10240_ (net)
                  0.25    0.01    7.88 ^ _32209_/A1 (sky130_fd_sc_hd__a21oi_4)
                  0.15    0.24    8.11 v _32209_/Y (sky130_fd_sc_hd__a21oi_4)
     6    0.03                           _10305_ (net)
                  0.15    0.00    8.12 v _32210_/A (sky130_fd_sc_hd__buf_6)
                  0.06    0.28    8.39 v _32210_/X (sky130_fd_sc_hd__buf_6)
     5    0.02                           _10306_ (net)
                  0.06    0.00    8.40 v rebuffer2/A (sky130_fd_sc_hd__clkbuf_1)
                  0.12    0.23    8.62 v rebuffer2/X (sky130_fd_sc_hd__clkbuf_1)
     3    0.01                           net2831 (net)
                  0.12    0.00    8.62 v _32387_/A1 (sky130_fd_sc_hd__a22o_1)
                  0.09    0.44    9.06 v _32387_/X (sky130_fd_sc_hd__a22o_1)
     2    0.01                           _10477_ (net)
                  0.09    0.00    9.06 v _32389_/A2 (sky130_fd_sc_hd__a22o_1)
                  0.10    0.48    9.54 v _32389_/X (sky130_fd_sc_hd__a22o_1)
     2    0.01                           _10479_ (net)
                  0.10    0.00    9.54 v _32393_/A1 (sky130_fd_sc_hd__a21o_1)
                  0.10    0.35    9.89 v _32393_/X (sky130_fd_sc_hd__a21o_1)
     2    0.01                           _10483_ (net)
                  0.10    0.00    9.89 v _32402_/A2 (sky130_fd_sc_hd__a21o_1)
                  0.09    0.38   10.27 v _32402_/X (sky130_fd_sc_hd__a21o_1)
     2    0.01                           _10492_ (net)
                  0.09    0.00   10.27 v _32404_/B (sky130_fd_sc_hd__and3_1)
                  0.18    0.48   10.75 v _32404_/X (sky130_fd_sc_hd__and3_1)
     3    0.02                           _10494_ (net)
                  0.18    0.00   10.75 v _32413_/A (sky130_fd_sc_hd__nor3b_2)
                  0.49    0.59   11.34 ^ _32413_/Y (sky130_fd_sc_hd__nor3b_2)
     3    0.02                           _10503_ (net)
                  0.49    0.00   11.34 ^ _32415_/A1 (sky130_fd_sc_hd__o211ai_2)
                  0.19    0.38   11.72 v _32415_/Y (sky130_fd_sc_hd__o211ai_2)
     2    0.01                           _10505_ (net)
                  0.19    0.00   11.72 v _32418_/A2 (sky130_fd_sc_hd__a21bo_1)
                  0.13    0.48   12.20 v _32418_/X (sky130_fd_sc_hd__a21bo_1)
     2    0.01                           _10508_ (net)
                  0.13    0.00   12.20 v _32420_/A2 (sky130_fd_sc_hd__a211oi_1)
                  0.58    0.66   12.86 ^ _32420_/Y (sky130_fd_sc_hd__a211oi_1)
     3    0.01                           _10510_ (net)
                  0.58    0.00   12.86 ^ _32423_/A2_N (sky130_fd_sc_hd__a2bb2o_1)
                  0.13    0.82   13.68 v _32423_/X (sky130_fd_sc_hd__a2bb2o_1)
     2    0.01                           _10513_ (net)
                  0.13    0.00   13.68 v _32428_/B1 (sky130_fd_sc_hd__o211a_1)
                  0.12    0.32   14.00 v _32428_/X (sky130_fd_sc_hd__o211a_1)
     3    0.01                           _10518_ (net)
                  0.12    0.00   14.00 v _32481_/B (sky130_fd_sc_hd__or3_4)
                  0.12    0.77   14.78 v _32481_/X (sky130_fd_sc_hd__or3_4)
     2    0.01                           _10570_ (net)
                  0.12    0.00   14.78 v _32540_/A2 (sky130_fd_sc_hd__a21o_1)
                  0.11    0.41   15.18 v _32540_/X (sky130_fd_sc_hd__a21o_1)
     3    0.01                           _10628_ (net)
                  0.11    0.00   15.18 v _32595_/A2 (sky130_fd_sc_hd__a21o_1)
                  0.12    0.41   15.59 v _32595_/X (sky130_fd_sc_hd__a21o_1)
     2    0.01                           _10682_ (net)
                  0.12    0.00   15.60 v _32647_/A2 (sky130_fd_sc_hd__a21oi_2)
                  0.28    0.36   15.95 ^ _32647_/Y (sky130_fd_sc_hd__a21oi_2)
     3    0.01                           _10733_ (net)
                  0.28    0.00   15.96 ^ _32692_/A2 (sky130_fd_sc_hd__o21ai_2)
                  0.18    0.28   16.23 v _32692_/Y (sky130_fd_sc_hd__o21ai_2)
     3    0.02                           _10777_ (net)
                  0.18    0.00   16.23 v _32734_/A2 (sky130_fd_sc_hd__a21o_1)
                  0.12    0.44   16.68 v _32734_/X (sky130_fd_sc_hd__a21o_1)
     3    0.01                           _10818_ (net)
                  0.12    0.00   16.68 v _32771_/A2 (sky130_fd_sc_hd__a21boi_2)
                  0.25    0.34   17.02 ^ _32771_/Y (sky130_fd_sc_hd__a21boi_2)
     3    0.01                           _10854_ (net)
                  0.25    0.00   17.02 ^ _32804_/A2 (sky130_fd_sc_hd__o21ai_2)
                  0.12    0.21   17.22 v _32804_/Y (sky130_fd_sc_hd__o21ai_2)
     3    0.01                           _10886_ (net)
                  0.12    0.00   17.23 v _32833_/A2 (sky130_fd_sc_hd__a21o_1)
                  0.12    0.42   17.64 v _32833_/X (sky130_fd_sc_hd__a21o_1)
     2    0.01                           _10914_ (net)
                  0.12    0.00   17.64 v _32860_/A2 (sky130_fd_sc_hd__a21oi_2)
                  0.35    0.42   18.06 ^ _32860_/Y (sky130_fd_sc_hd__a21oi_2)
     3    0.02                           _10940_ (net)
                  0.35    0.00   18.06 ^ _32861_/B (sky130_fd_sc_hd__nor2_2)
                  0.09    0.17   18.23 v _32861_/Y (sky130_fd_sc_hd__nor2_2)
     3    0.01                           _10941_ (net)
                  0.09    0.00   18.23 v _32875_/A2 (sky130_fd_sc_hd__o31a_1)
                  0.09    0.55   18.79 v _32875_/X (sky130_fd_sc_hd__o31a_1)
     1    0.00                           _10954_ (net)
                  0.09    0.00   18.79 v _32876_/B2 (sky130_fd_sc_hd__a22o_1)
                  0.07    0.37   19.16 v _32876_/X (sky130_fd_sc_hd__a22o_1)
     1    0.00                           _02335_ (net)
                  0.07    0.00   19.16 v _39910_/D (sky130_fd_sc_hd__dfxtp_1)
                                 19.16   data arrival time

                         10.00   10.00   clock clk (rise edge)
                          0.00   10.00   clock source latency
                  0.81    0.55   10.55 ^ clk (in)
     2    0.11                           clk (net)
                  0.81    0.00   10.55 ^ clkbuf_0_clk/A (sky130_fd_sc_hd__clkbuf_16)
                  0.26    0.63   11.18 ^ clkbuf_0_clk/X (sky130_fd_sc_hd__clkbuf_16)
     4    0.16                           clknet_0_clk (net)
                  0.26    0.01   11.19 ^ clkbuf_2_1_0_clk/A (sky130_fd_sc_hd__clkbuf_8)
                  0.52    0.61   11.80 ^ clkbuf_2_1_0_clk/X (sky130_fd_sc_hd__clkbuf_8)
     8    0.20                           clknet_2_1_0_clk (net)
                  0.52    0.01   11.81 ^ clkbuf_5_11__f_clk/A (sky130_fd_sc_hd__clkbuf_16)
                  0.29    0.56   12.37 ^ clkbuf_5_11__f_clk/X (sky130_fd_sc_hd__clkbuf_16)
    15    0.18                           clknet_5_11__leaf_clk (net)
                  0.29    0.01   12.38 ^ clkbuf_leaf_92_clk/A (sky130_fd_sc_hd__clkbuf_16)
                  0.07    0.30   12.69 ^ clkbuf_leaf_92_clk/X (sky130_fd_sc_hd__clkbuf_16)
     6    0.02                           clknet_leaf_92_clk (net)
                  0.07    0.00   12.69 ^ _39910_/CLK (sky130_fd_sc_hd__dfxtp_1)
                         -0.25   12.44   clock uncertainty
                          0.12   12.56   clock reconvergence pessimism
                         -0.27   12.29   library setup time
                                 12.29   data required time
-----------------------------------------------------------------------------
                                 12.29   data required time
                                -19.16   data arrival time
-----------------------------------------------------------------------------
                                 -6.87   slack (VIOLATED)



======================= Typical Corner ===================================

Startpoint: rst_n (input port clocked by clk)
Endpoint: _37833_ (recovery check against rising-edge clock clk)
Path Group: asynchronous
Path Type: max
Corner: Typical

Fanout     Cap    Slew   Delay    Time   Description
-----------------------------------------------------------------------------
                          0.00    0.00   clock clk (rise edge)
                          0.00    0.00   clock network delay (propagated)
                          2.00    2.00 ^ input external delay
                  0.02    0.01    2.01 ^ rst_n (in)
     1    0.00                           rst_n (net)
                  0.02    0.00    2.01 ^ hold104/A (sky130_fd_sc_hd__dlygate4sd3_1)
                  0.05    0.55    2.56 ^ hold104/X (sky130_fd_sc_hd__dlygate4sd3_1)
     1    0.00                           net520 (net)
                  0.05    0.00    2.56 ^ input132/A (sky130_fd_sc_hd__clkbuf_2)
                  0.17    0.20    2.76 ^ input132/X (sky130_fd_sc_hd__clkbuf_2)
     2    0.03                           net132 (net)
                  0.17    0.00    2.77 ^ fanout356/A (sky130_fd_sc_hd__buf_4)
                  0.31    0.35    3.12 ^ fanout356/X (sky130_fd_sc_hd__buf_4)
     5    0.11                           net356 (net)
                  0.32    0.02    3.14 ^ fanout347/A (sky130_fd_sc_hd__buf_2)
                  0.21    0.32    3.46 ^ fanout347/X (sky130_fd_sc_hd__buf_2)
     5    0.04                           net347 (net)
                  0.21    0.00    3.46 ^ fanout346/A (sky130_fd_sc_hd__buf_4)
                  0.22    0.31    3.77 ^ fanout346/X (sky130_fd_sc_hd__buf_4)
    10    0.08                           net346 (net)
                  0.22    0.01    3.77 ^ fanout345/A (sky130_fd_sc_hd__clkbuf_4)
                  0.14    0.28    4.05 ^ fanout345/X (sky130_fd_sc_hd__clkbuf_4)
     8    0.05                           net345 (net)
                  0.14    0.00    4.06 ^ fanout344/A (sky130_fd_sc_hd__clkbuf_4)
                  0.17    0.27    4.33 ^ fanout344/X (sky130_fd_sc_hd__clkbuf_4)
    10    0.05                           net344 (net)
                  0.17    0.00    4.33 ^ fanout343/A (sky130_fd_sc_hd__clkbuf_4)
                  0.18    0.29    4.62 ^ fanout343/X (sky130_fd_sc_hd__clkbuf_4)
    10    0.06                           net343 (net)
                  0.18    0.00    4.62 ^ _37833_/RESET_B (sky130_fd_sc_hd__dfrtp_1)
                                  4.62   data arrival time

                         10.00   10.00   clock clk (rise edge)
                          0.00   10.00   clock source latency
                  0.51    0.34   10.34 ^ clk (in)
     2    0.11                           clk (net)
                  0.51    0.00   10.34 ^ clkbuf_0_clk/A (sky130_fd_sc_hd__clkbuf_16)
                  0.17    0.32   10.67 ^ clkbuf_0_clk/X (sky130_fd_sc_hd__clkbuf_16)
     4    0.16                           clknet_0_clk (net)
                  0.17    0.01   10.68 ^ clkbuf_2_1_0_clk/A (sky130_fd_sc_hd__clkbuf_8)
                  0.34    0.36   11.03 ^ clkbuf_2_1_0_clk/X (sky130_fd_sc_hd__clkbuf_8)
     8    0.20                           clknet_2_1_0_clk (net)
                  0.34    0.02   11.05 ^ clkbuf_5_8__f_clk/A (sky130_fd_sc_hd__clkbuf_16)
                  0.17    0.29   11.34 ^ clkbuf_5_8__f_clk/X (sky130_fd_sc_hd__clkbuf_16)
    12    0.15                           clknet_5_8__leaf_clk (net)
                  0.17    0.01   11.35 ^ clkbuf_leaf_85_clk/A (sky130_fd_sc_hd__clkbuf_16)
                  0.04    0.16   11.51 ^ clkbuf_leaf_85_clk/X (sky130_fd_sc_hd__clkbuf_16)
     6    0.02                           clknet_leaf_85_clk (net)
                  0.04    0.00   11.51 ^ _37833_/CLK (sky130_fd_sc_hd__dfrtp_1)
                         -0.25   11.26   clock uncertainty
                          0.00   11.26   clock reconvergence pessimism
                          0.19   11.45   library recovery time
                                 11.45   data required time
-----------------------------------------------------------------------------
                                 11.45   data required time
                                 -4.62   data arrival time
-----------------------------------------------------------------------------
                                  6.83   slack (MET)


Startpoint: _40119_ (rising edge-triggered flip-flop clocked by clk)
Endpoint: _39910_ (rising edge-triggered flip-flop clocked by clk)
Path Group: clk
Path Type: max
Corner: Typical

Fanout     Cap    Slew   Delay    Time   Description
-----------------------------------------------------------------------------
                          0.00    0.00   clock clk (rise edge)
                          0.00    0.00   clock source latency
                  0.51    0.38    0.38 ^ clk (in)
     2    0.11                           clk (net)
                  0.51    0.00    0.38 ^ clkbuf_0_clk/A (sky130_fd_sc_hd__clkbuf_16)
                  0.17    0.36    0.74 ^ clkbuf_0_clk/X (sky130_fd_sc_hd__clkbuf_16)
     4    0.16                           clknet_0_clk (net)
                  0.17    0.01    0.75 ^ clkbuf_2_3_0_clk/A (sky130_fd_sc_hd__clkbuf_8)
                  0.33    0.39    1.14 ^ clkbuf_2_3_0_clk/X (sky130_fd_sc_hd__clkbuf_8)
     8    0.20                           clknet_2_3_0_clk (net)
                  0.34    0.02    1.15 ^ clkbuf_5_26__f_clk/A (sky130_fd_sc_hd__clkbuf_16)
                  0.20    0.34    1.49 ^ clkbuf_5_26__f_clk/X (sky130_fd_sc_hd__clkbuf_16)
    13    0.18                           clknet_5_26__leaf_clk (net)
                  0.20    0.01    1.51 ^ clkbuf_leaf_162_clk/A (sky130_fd_sc_hd__clkbuf_16)
                  0.06    0.20    1.71 ^ clkbuf_leaf_162_clk/X (sky130_fd_sc_hd__clkbuf_16)
    11    0.04                           clknet_leaf_162_clk (net)
                  0.06    0.00    1.71 ^ _40119_/CLK (sky130_fd_sc_hd__dfrtp_1)
                  0.07    0.41    2.12 v _40119_/Q (sky130_fd_sc_hd__dfrtp_1)
     2    0.01                           col_deskew_out[1].genblk1.u_deskew_buf.gen_delay.ptr[0] (net)
                  0.07    0.00    2.12 v _32124_/A (sky130_fd_sc_hd__buf_6)
                  0.06    0.16    2.28 v _32124_/X (sky130_fd_sc_hd__buf_6)
    10    0.05                           _10223_ (net)
                  0.06    0.00    2.29 v _32127_/B (sky130_fd_sc_hd__nor3b_4)
                  0.25    0.27    2.56 ^ _32127_/Y (sky130_fd_sc_hd__nor3b_4)
     3    0.02                           _10226_ (net)
                  0.25    0.00    2.56 ^ _32129_/C1 (sky130_fd_sc_hd__a2111oi_4)
                  0.07    0.09    2.65 v _32129_/Y (sky130_fd_sc_hd__a2111oi_4)
     2    0.01                           _10228_ (net)
                  0.07    0.00    2.65 v max_cap300/A (sky130_fd_sc_hd__buf_4)
                  0.04    0.17    2.82 v max_cap300/X (sky130_fd_sc_hd__buf_4)
     3    0.02                           net300 (net)
                  0.04    0.00    2.82 v wire298/A (sky130_fd_sc_hd__clkbuf_2)
                  0.10    0.17    2.99 v wire298/X (sky130_fd_sc_hd__clkbuf_2)
     3    0.03                           net298 (net)
                  0.10    0.00    3.00 v _32140_/A2 (sky130_fd_sc_hd__a2111oi_2)
                  0.65    0.71    3.71 ^ _32140_/Y (sky130_fd_sc_hd__a2111oi_2)
     1    0.02                           _10239_ (net)
                  0.65    0.00    3.71 ^ wire287/A (sky130_fd_sc_hd__clkbuf_2)
                  0.15    0.32    4.03 ^ wire287/X (sky130_fd_sc_hd__clkbuf_2)
     3    0.03                           net287 (net)
                  0.15    0.00    4.03 ^ _32141_/B (sky130_fd_sc_hd__and2_4)
                  0.15    0.27    4.30 ^ _32141_/X (sky130_fd_sc_hd__and2_4)
     3    0.05                           _10240_ (net)
                  0.16    0.01    4.31 ^ _32209_/A1 (sky130_fd_sc_hd__a21oi_4)
                  0.08    0.11    4.42 v _32209_/Y (sky130_fd_sc_hd__a21oi_4)
     6    0.02                           _10305_ (net)
                  0.08    0.00    4.42 v _32210_/A (sky130_fd_sc_hd__buf_6)
                  0.03    0.15    4.57 v _32210_/X (sky130_fd_sc_hd__buf_6)
     5    0.02                           _10306_ (net)
                  0.03    0.00    4.57 v rebuffer2/A (sky130_fd_sc_hd__clkbuf_1)
                  0.06    0.12    4.70 v rebuffer2/X (sky130_fd_sc_hd__clkbuf_1)
     3    0.01                           net2831 (net)
                  0.06    0.00    4.70 v _32387_/A1 (sky130_fd_sc_hd__a22o_1)
                  0.05    0.23    4.93 v _32387_/X (sky130_fd_sc_hd__a22o_1)
     2    0.01                           _10477_ (net)
                  0.05    0.00    4.93 v _32389_/A2 (sky130_fd_sc_hd__a22o_1)
                  0.06    0.26    5.19 v _32389_/X (sky130_fd_sc_hd__a22o_1)
     2    0.01                           _10479_ (net)
                  0.06    0.00    5.19 v _32393_/A1 (sky130_fd_sc_hd__a21o_1)
                  0.05    0.18    5.37 v _32393_/X (sky130_fd_sc_hd__a21o_1)
     2    0.01                           _10483_ (net)
                  0.05    0.00    5.37 v _32402_/A2 (sky130_fd_sc_hd__a21o_1)
                  0.05    0.20    5.58 v _32402_/X (sky130_fd_sc_hd__a21o_1)
     2    0.01                           _10492_ (net)
                  0.05    0.00    5.58 v _32405_/A2 (sky130_fd_sc_hd__a21oi_1)
                  0.32    0.31    5.89 ^ _32405_/Y (sky130_fd_sc_hd__a21oi_1)
     2    0.01                           _10495_ (net)
                  0.32    0.00    5.89 ^ _32413_/B (sky130_fd_sc_hd__nor3b_2)
                  0.09    0.13    6.02 v _32413_/Y (sky130_fd_sc_hd__nor3b_2)
     3    0.01                           _10503_ (net)
                  0.09    0.00    6.02 v _32416_/B1 (sky130_fd_sc_hd__a211o_1)
                  0.08    0.34    6.36 v _32416_/X (sky130_fd_sc_hd__a211o_1)
     3    0.01                           _10506_ (net)
                  0.08    0.00    6.36 v _32418_/A1 (sky130_fd_sc_hd__a21bo_1)
                  0.07    0.23    6.59 v _32418_/X (sky130_fd_sc_hd__a21bo_1)
     2    0.01                           _10508_ (net)
                  0.07    0.00    6.59 v _32420_/A2 (sky130_fd_sc_hd__a211oi_1)
                  0.35    0.38    6.97 ^ _32420_/Y (sky130_fd_sc_hd__a211oi_1)
     3    0.01                           _10510_ (net)
                  0.35    0.00    6.97 ^ _32423_/A2_N (sky130_fd_sc_hd__a2bb2o_1)
                  0.07    0.35    7.32 v _32423_/X (sky130_fd_sc_hd__a2bb2o_1)
     2    0.01                           _10513_ (net)
                  0.07    0.00    7.32 v _32428_/B1 (sky130_fd_sc_hd__o211a_1)
                  0.07    0.17    7.49 v _32428_/X (sky130_fd_sc_hd__o211a_1)
     3    0.01                           _10518_ (net)
                  0.07    0.00    7.49 v _32481_/B (sky130_fd_sc_hd__or3_4)
                  0.07    0.39    7.88 v _32481_/X (sky130_fd_sc_hd__or3_4)
     2    0.01                           _10570_ (net)
                  0.07    0.00    7.88 v _32540_/A2 (sky130_fd_sc_hd__a21o_1)
                  0.06    0.22    8.10 v _32540_/X (sky130_fd_sc_hd__a21o_1)
     3    0.01                           _10628_ (net)
                  0.06    0.00    8.10 v _32595_/A2 (sky130_fd_sc_hd__a21o_1)
                  0.06    0.22    8.32 v _32595_/X (sky130_fd_sc_hd__a21o_1)
     2    0.01                           _10682_ (net)
                  0.06    0.00    8.32 v _32647_/A2 (sky130_fd_sc_hd__a21oi_2)
                  0.17    0.21    8.53 ^ _32647_/Y (sky130_fd_sc_hd__a21oi_2)
     3    0.01                           _10733_ (net)
                  0.17    0.00    8.53 ^ _32692_/A2 (sky130_fd_sc_hd__o21ai_2)
                  0.09    0.13    8.66 v _32692_/Y (sky130_fd_sc_hd__o21ai_2)
     3    0.02                           _10777_ (net)
                  0.09    0.00    8.66 v _32734_/A2 (sky130_fd_sc_hd__a21o_1)
                  0.06    0.23    8.90 v _32734_/X (sky130_fd_sc_hd__a21o_1)
     3    0.01                           _10818_ (net)
                  0.06    0.00    8.90 v _32771_/A2 (sky130_fd_sc_hd__a21boi_2)
                  0.15    0.20    9.09 ^ _32771_/Y (sky130_fd_sc_hd__a21boi_2)
     3    0.01                           _10854_ (net)
                  0.15    0.00    9.09 ^ _32804_/A2 (sky130_fd_sc_hd__o21ai_2)
                  0.07    0.09    9.19 v _32804_/Y (sky130_fd_sc_hd__o21ai_2)
     3    0.01                           _10886_ (net)
                  0.07    0.00    9.19 v _32833_/A2 (sky130_fd_sc_hd__a21o_1)
                  0.06    0.22    9.41 v _32833_/X (sky130_fd_sc_hd__a21o_1)
     2    0.01                           _10914_ (net)
                  0.06    0.00    9.41 v _32860_/A2 (sky130_fd_sc_hd__a21oi_2)
                  0.22    0.24    9.66 ^ _32860_/Y (sky130_fd_sc_hd__a21oi_2)
     3    0.02                           _10940_ (net)
                  0.22    0.00    9.66 ^ _32861_/B (sky130_fd_sc_hd__nor2_2)
                  0.06    0.07    9.73 v _32861_/Y (sky130_fd_sc_hd__nor2_2)
     3    0.01                           _10941_ (net)
                  0.06    0.00    9.73 v _32875_/A2 (sky130_fd_sc_hd__o31a_1)
                  0.05    0.29   10.02 v _32875_/X (sky130_fd_sc_hd__o31a_1)
     1    0.00                           _10954_ (net)
                  0.05    0.00   10.02 v _32876_/B2 (sky130_fd_sc_hd__a22o_1)
                  0.04    0.20   10.22 v _32876_/X (sky130_fd_sc_hd__a22o_1)
     1    0.00                           _02335_ (net)
                  0.04    0.00   10.22 v _39910_/D (sky130_fd_sc_hd__dfxtp_1)
                                 10.22   data arrival time

                         10.00   10.00   clock clk (rise edge)
                          0.00   10.00   clock source latency
                  0.51    0.34   10.34 ^ clk (in)
     2    0.11                           clk (net)
                  0.51    0.00   10.34 ^ clkbuf_0_clk/A (sky130_fd_sc_hd__clkbuf_16)
                  0.17    0.32   10.67 ^ clkbuf_0_clk/X (sky130_fd_sc_hd__clkbuf_16)
     4    0.16                           clknet_0_clk (net)
                  0.17    0.01   10.68 ^ clkbuf_2_1_0_clk/A (sky130_fd_sc_hd__clkbuf_8)
                  0.34    0.36   11.03 ^ clkbuf_2_1_0_clk/X (sky130_fd_sc_hd__clkbuf_8)
     8    0.20                           clknet_2_1_0_clk (net)
                  0.34    0.01   11.05 ^ clkbuf_5_11__f_clk/A (sky130_fd_sc_hd__clkbuf_16)
                  0.19    0.31   11.35 ^ clkbuf_5_11__f_clk/X (sky130_fd_sc_hd__clkbuf_16)
    15    0.18                           clknet_5_11__leaf_clk (net)
                  0.19    0.01   11.37 ^ clkbuf_leaf_92_clk/A (sky130_fd_sc_hd__clkbuf_16)
                  0.04    0.17   11.53 ^ clkbuf_leaf_92_clk/X (sky130_fd_sc_hd__clkbuf_16)
     6    0.02                           clknet_leaf_92_clk (net)
                  0.04    0.00   11.53 ^ _39910_/CLK (sky130_fd_sc_hd__dfxtp_1)
                         -0.25   11.28   clock uncertainty
                          0.07   11.35   clock reconvergence pessimism
                         -0.11   11.25   library setup time
                                 11.25   data required time
-----------------------------------------------------------------------------
                                 11.25   data required time
                                -10.22   data arrival time
-----------------------------------------------------------------------------
                                  1.03   slack (MET)




===========================================================================
report_checks --slack_max -0.01
============================================================================
======================= Fastest Corner ===================================

No paths found.

======================= Slowest Corner ===================================

Startpoint: _40120_ (rising edge-triggered flip-flop clocked by clk)
Endpoint: _39910_ (rising edge-triggered flip-flop clocked by clk)
Path Group: clk
Path Type: max
Corner: Slowest

Fanout     Cap    Slew   Delay    Time   Description
-----------------------------------------------------------------------------
                          0.00    0.00   clock clk (rise edge)
                          0.00    0.00   clock source latency
                  0.81    0.61    0.61 ^ clk (in)
     2    0.11                           clk (net)
                  0.81    0.00    0.61 ^ clkbuf_0_clk/A (sky130_fd_sc_hd__clkbuf_16)
                  0.26    0.69    1.30 ^ clkbuf_0_clk/X (sky130_fd_sc_hd__clkbuf_16)
     4    0.16                           clknet_0_clk (net)
                  0.26    0.01    1.31 ^ clkbuf_2_3_0_clk/A (sky130_fd_sc_hd__clkbuf_8)
                  0.52    0.67    1.98 ^ clkbuf_2_3_0_clk/X (sky130_fd_sc_hd__clkbuf_8)
     8    0.20                           clknet_2_3_0_clk (net)
                  0.52    0.02    2.00 ^ clkbuf_5_26__f_clk/A (sky130_fd_sc_hd__clkbuf_16)
                  0.30    0.62    2.62 ^ clkbuf_5_26__f_clk/X (sky130_fd_sc_hd__clkbuf_16)
    13    0.18                           clknet_5_26__leaf_clk (net)
                  0.30    0.01    2.63 ^ clkbuf_leaf_163_clk/A (sky130_fd_sc_hd__clkbuf_16)
                  0.10    0.37    3.00 ^ clkbuf_leaf_163_clk/X (sky130_fd_sc_hd__clkbuf_16)
    13    0.04                           clknet_leaf_163_clk (net)
                  0.10    0.00    3.00 ^ _40120_/CLK (sky130_fd_sc_hd__dfrtp_1)
                  0.12    0.84    3.84 v _40120_/Q (sky130_fd_sc_hd__dfrtp_1)
     2    0.01                           col_deskew_out[1].genblk1.u_deskew_buf.gen_delay.ptr[1] (net)
                  0.12    0.00    3.84 v _32122_/A (sky130_fd_sc_hd__buf_6)
                  0.07    0.28    4.12 v _32122_/X (sky130_fd_sc_hd__buf_6)
     6    0.03                           _10221_ (net)
                  0.07    0.00    4.12 v _32127_/A (sky130_fd_sc_hd__nor3b_4)
                  0.39    0.48    4.60 ^ _32127_/Y (sky130_fd_sc_hd__nor3b_4)
     3    0.02                           _10226_ (net)
                  0.39    0.00    4.60 ^ _32129_/C1 (sky130_fd_sc_hd__a2111oi_4)
                  0.13    0.20    4.80 v _32129_/Y (sky130_fd_sc_hd__a2111oi_4)
     2    0.01                           _10228_ (net)
                  0.13    0.00    4.80 v max_cap300/A (sky130_fd_sc_hd__buf_4)
                  0.08    0.32    5.12 v max_cap300/X (sky130_fd_sc_hd__buf_4)
     3    0.02                           net300 (net)
                  0.08    0.00    5.12 v wire298/A (sky130_fd_sc_hd__clkbuf_2)
                  0.19    0.31    5.44 v wire298/X (sky130_fd_sc_hd__clkbuf_2)
     3    0.03                           net298 (net)
                  0.19    0.00    5.44 v _32140_/A2 (sky130_fd_sc_hd__a2111oi_2)
                  1.07    1.22    6.66 ^ _32140_/Y (sky130_fd_sc_hd__a2111oi_2)
     1    0.02                           _10239_ (net)
                  1.07    0.00    6.66 ^ wire287/A (sky130_fd_sc_hd__clkbuf_2)
                  0.24    0.68    7.34 ^ wire287/X (sky130_fd_sc_hd__clkbuf_2)
     3    0.03                           net287 (net)
                  0.24    0.00    7.34 ^ _32141_/B (sky130_fd_sc_hd__and2_4)
                  0.25    0.53    7.87 ^ _32141_/X (sky130_fd_sc_hd__and2_4)
     3    0.05                           _10240_ (net)
                  0.25    0.01    7.88 ^ _32209_/A1 (sky130_fd_sc_hd__a21oi_4)
                  0.15    0.24    8.11 v _32209_/Y (sky130_fd_sc_hd__a21oi_4)
     6    0.03                           _10305_ (net)
                  0.15    0.00    8.12 v _32210_/A (sky130_fd_sc_hd__buf_6)
                  0.06    0.28    8.39 v _32210_/X (sky130_fd_sc_hd__buf_6)
     5    0.02                           _10306_ (net)
                  0.06    0.00    8.40 v rebuffer2/A (sky130_fd_sc_hd__clkbuf_1)
                  0.12    0.23    8.62 v rebuffer2/X (sky130_fd_sc_hd__clkbuf_1)
     3    0.01                           net2831 (net)
                  0.12    0.00    8.62 v _32387_/A1 (sky130_fd_sc_hd__a22o_1)
                  0.09    0.44    9.06 v _32387_/X (sky130_fd_sc_hd__a22o_1)
     2    0.01                           _10477_ (net)
                  0.09    0.00    9.06 v _32389_/A2 (sky130_fd_sc_hd__a22o_1)
                  0.10    0.48    9.54 v _32389_/X (sky130_fd_sc_hd__a22o_1)
     2    0.01                           _10479_ (net)
                  0.10    0.00    9.54 v _32393_/A1 (sky130_fd_sc_hd__a21o_1)
                  0.10    0.35    9.89 v _32393_/X (sky130_fd_sc_hd__a21o_1)
     2    0.01                           _10483_ (net)
                  0.10    0.00    9.89 v _32402_/A2 (sky130_fd_sc_hd__a21o_1)
                  0.09    0.38   10.27 v _32402_/X (sky130_fd_sc_hd__a21o_1)
     2    0.01                           _10492_ (net)
                  0.09    0.00   10.27 v _32404_/B (sky130_fd_sc_hd__and3_1)
                  0.18    0.48   10.75 v _32404_/X (sky130_fd_sc_hd__and3_1)
     3    0.02                           _10494_ (net)
                  0.18    0.00   10.75 v _32413_/A (sky130_fd_sc_hd__nor3b_2)
                  0.49    0.59   11.34 ^ _32413_/Y (sky130_fd_sc_hd__nor3b_2)
     3    0.02                           _10503_ (net)
                  0.49    0.00   11.34 ^ _32415_/A1 (sky130_fd_sc_hd__o211ai_2)
                  0.19    0.38   11.72 v _32415_/Y (sky130_fd_sc_hd__o211ai_2)
     2    0.01                           _10505_ (net)
                  0.19    0.00   11.72 v _32418_/A2 (sky130_fd_sc_hd__a21bo_1)
                  0.13    0.48   12.20 v _32418_/X (sky130_fd_sc_hd__a21bo_1)
     2    0.01                           _10508_ (net)
                  0.13    0.00   12.20 v _32420_/A2 (sky130_fd_sc_hd__a211oi_1)
                  0.58    0.66   12.86 ^ _32420_/Y (sky130_fd_sc_hd__a211oi_1)
     3    0.01                           _10510_ (net)
                  0.58    0.00   12.86 ^ _32423_/A2_N (sky130_fd_sc_hd__a2bb2o_1)
                  0.13    0.82   13.68 v _32423_/X (sky130_fd_sc_hd__a2bb2o_1)
     2    0.01                           _10513_ (net)
                  0.13    0.00   13.68 v _32428_/B1 (sky130_fd_sc_hd__o211a_1)
                  0.12    0.32   14.00 v _32428_/X (sky130_fd_sc_hd__o211a_1)
     3    0.01                           _10518_ (net)
                  0.12    0.00   14.00 v _32481_/B (sky130_fd_sc_hd__or3_4)
                  0.12    0.77   14.78 v _32481_/X (sky130_fd_sc_hd__or3_4)
     2    0.01                           _10570_ (net)
                  0.12    0.00   14.78 v _32540_/A2 (sky130_fd_sc_hd__a21o_1)
                  0.11    0.41   15.18 v _32540_/X (sky130_fd_sc_hd__a21o_1)
     3    0.01                           _10628_ (net)
                  0.11    0.00   15.18 v _32595_/A2 (sky130_fd_sc_hd__a21o_1)
                  0.12    0.41   15.59 v _32595_/X (sky130_fd_sc_hd__a21o_1)
     2    0.01                           _10682_ (net)
                  0.12    0.00   15.60 v _32647_/A2 (sky130_fd_sc_hd__a21oi_2)
                  0.28    0.36   15.95 ^ _32647_/Y (sky130_fd_sc_hd__a21oi_2)
     3    0.01                           _10733_ (net)
                  0.28    0.00   15.96 ^ _32692_/A2 (sky130_fd_sc_hd__o21ai_2)
                  0.18    0.28   16.23 v _32692_/Y (sky130_fd_sc_hd__o21ai_2)
     3    0.02                           _10777_ (net)
                  0.18    0.00   16.23 v _32734_/A2 (sky130_fd_sc_hd__a21o_1)
                  0.12    0.44   16.68 v _32734_/X (sky130_fd_sc_hd__a21o_1)
     3    0.01                           _10818_ (net)
                  0.12    0.00   16.68 v _32771_/A2 (sky130_fd_sc_hd__a21boi_2)
                  0.25    0.34   17.02 ^ _32771_/Y (sky130_fd_sc_hd__a21boi_2)
     3    0.01                           _10854_ (net)
                  0.25    0.00   17.02 ^ _32804_/A2 (sky130_fd_sc_hd__o21ai_2)
                  0.12    0.21   17.22 v _32804_/Y (sky130_fd_sc_hd__o21ai_2)
     3    0.01                           _10886_ (net)
                  0.12    0.00   17.23 v _32833_/A2 (sky130_fd_sc_hd__a21o_1)
                  0.12    0.42   17.64 v _32833_/X (sky130_fd_sc_hd__a21o_1)
     2    0.01                           _10914_ (net)
                  0.12    0.00   17.64 v _32860_/A2 (sky130_fd_sc_hd__a21oi_2)
                  0.35    0.42   18.06 ^ _32860_/Y (sky130_fd_sc_hd__a21oi_2)
     3    0.02                           _10940_ (net)
                  0.35    0.00   18.06 ^ _32861_/B (sky130_fd_sc_hd__nor2_2)
                  0.09    0.17   18.23 v _32861_/Y (sky130_fd_sc_hd__nor2_2)
     3    0.01                           _10941_ (net)
                  0.09    0.00   18.23 v _32875_/A2 (sky130_fd_sc_hd__o31a_1)
                  0.09    0.55   18.79 v _32875_/X (sky130_fd_sc_hd__o31a_1)
     1    0.00                           _10954_ (net)
                  0.09    0.00   18.79 v _32876_/B2 (sky130_fd_sc_hd__a22o_1)
                  0.07    0.37   19.16 v _32876_/X (sky130_fd_sc_hd__a22o_1)
     1    0.00                           _02335_ (net)
                  0.07    0.00   19.16 v _39910_/D (sky130_fd_sc_hd__dfxtp_1)
                                 19.16   data arrival time

                         10.00   10.00   clock clk (rise edge)
                          0.00   10.00   clock source latency
                  0.81    0.55   10.55 ^ clk (in)
     2    0.11                           clk (net)
                  0.81    0.00   10.55 ^ clkbuf_0_clk/A (sky130_fd_sc_hd__clkbuf_16)
                  0.26    0.63   11.18 ^ clkbuf_0_clk/X (sky130_fd_sc_hd__clkbuf_16)
     4    0.16                           clknet_0_clk (net)
                  0.26    0.01   11.19 ^ clkbuf_2_1_0_clk/A (sky130_fd_sc_hd__clkbuf_8)
                  0.52    0.61   11.80 ^ clkbuf_2_1_0_clk/X (sky130_fd_sc_hd__clkbuf_8)
     8    0.20                           clknet_2_1_0_clk (net)
                  0.52    0.01   11.81 ^ clkbuf_5_11__f_clk/A (sky130_fd_sc_hd__clkbuf_16)
                  0.29    0.56   12.37 ^ clkbuf_5_11__f_clk/X (sky130_fd_sc_hd__clkbuf_16)
    15    0.18                           clknet_5_11__leaf_clk (net)
                  0.29    0.01   12.38 ^ clkbuf_leaf_92_clk/A (sky130_fd_sc_hd__clkbuf_16)
                  0.07    0.30   12.69 ^ clkbuf_leaf_92_clk/X (sky130_fd_sc_hd__clkbuf_16)
     6    0.02                           clknet_leaf_92_clk (net)
                  0.07    0.00   12.69 ^ _39910_/CLK (sky130_fd_sc_hd__dfxtp_1)
                         -0.25   12.44   clock uncertainty
                          0.12   12.56   clock reconvergence pessimism
                         -0.27   12.29   library setup time
                                 12.29   data required time
-----------------------------------------------------------------------------
                                 12.29   data required time
                                -19.16   data arrival time
-----------------------------------------------------------------------------
                                 -6.87   slack (VIOLATED)



======================= Typical Corner ===================================

No paths found.


===========================================================================
 report_check_types -max_slew -max_cap -max_fanout -violators
============================================================================
======================= Fastest Corner ===================================

max fanout

Pin                                   Limit Fanout  Slack
---------------------------------------------------------
input52/X                                10     25    -15 (VIOLATED)
input111/X                               10     24    -14 (VIOLATED)
input15/X                                10     24    -14 (VIOLATED)
input14/X                                10     22    -12 (VIOLATED)
input116/X                               10     16     -6 (VIOLATED)
input36/X                                10     16     -6 (VIOLATED)
clkbuf_5_11__f_clk/X                     10     15     -5 (VIOLATED)
clkbuf_5_19__f_clk/X                     10     15     -5 (VIOLATED)
clkbuf_5_25__f_clk/X                     10     15     -5 (VIOLATED)
clkbuf_5_3__f_clk/X                      10     15     -5 (VIOLATED)
clkbuf_leaf_181_clk/X                    10     15     -5 (VIOLATED)
clkbuf_leaf_248_clk/X                    10     15     -5 (VIOLATED)
clkbuf_leaf_56_clk/X                     10     15     -5 (VIOLATED)
clkbuf_5_24__f_clk/X                     10     14     -4 (VIOLATED)
clkbuf_5_27__f_clk/X                     10     14     -4 (VIOLATED)
clkbuf_5_28__f_clk/X                     10     14     -4 (VIOLATED)
clkbuf_5_30__f_clk/X                     10     14     -4 (VIOLATED)
clkbuf_5_9__f_clk/X                      10     14     -4 (VIOLATED)
clkbuf_leaf_116_clk/X                    10     14     -4 (VIOLATED)
clkbuf_leaf_157_clk/X                    10     14     -4 (VIOLATED)
clkbuf_leaf_207_clk/X                    10     14     -4 (VIOLATED)
clkbuf_leaf_273_clk/X                    10     14     -4 (VIOLATED)
clkbuf_leaf_317_clk/X                    10     14     -4 (VIOLATED)
clkbuf_leaf_361_clk/X                    10     14     -4 (VIOLATED)
clkbuf_leaf_41_clk/X                     10     14     -4 (VIOLATED)
input24/X                                10     14     -4 (VIOLATED)
_18787_/Y                                10     13     -3 (VIOLATED)
_22398_/X                                10     13     -3 (VIOLATED)
clkbuf_5_16__f_clk/X                     10     13     -3 (VIOLATED)
clkbuf_5_21__f_clk/X                     10     13     -3 (VIOLATED)
clkbuf_5_22__f_clk/X                     10     13     -3 (VIOLATED)
clkbuf_5_23__f_clk/X                     10     13     -3 (VIOLATED)
clkbuf_5_26__f_clk/X                     10     13     -3 (VIOLATED)
clkbuf_leaf_113_clk/X                    10     13     -3 (VIOLATED)
clkbuf_leaf_12_clk/X                     10     13     -3 (VIOLATED)
clkbuf_leaf_163_clk/X                    10     13     -3 (VIOLATED)
clkbuf_leaf_178_clk/X                    10     13     -3 (VIOLATED)
clkbuf_leaf_205_clk/X                    10     13     -3 (VIOLATED)
clkbuf_leaf_209_clk/X                    10     13     -3 (VIOLATED)
clkbuf_leaf_22_clk/X                     10     13     -3 (VIOLATED)
clkbuf_leaf_250_clk/X                    10     13     -3 (VIOLATED)
clkbuf_leaf_261_clk/X                    10     13     -3 (VIOLATED)
clkbuf_leaf_310_clk/X                    10     13     -3 (VIOLATED)
clkbuf_leaf_315_clk/X                    10     13     -3 (VIOLATED)
clkbuf_leaf_318_clk/X                    10     13     -3 (VIOLATED)
clkbuf_leaf_347_clk/X                    10     13     -3 (VIOLATED)
clkbuf_leaf_357_clk/X                    10     13     -3 (VIOLATED)
clkbuf_leaf_48_clk/X                     10     13     -3 (VIOLATED)
clkbuf_leaf_52_clk/X                     10     13     -3 (VIOLATED)
clkbuf_leaf_84_clk/X                     10     13     -3 (VIOLATED)
_37590_/Q                                10     12     -2 (VIOLATED)
clkbuf_5_13__f_clk/X                     10     12     -2 (VIOLATED)
clkbuf_5_1__f_clk/X                      10     12     -2 (VIOLATED)
clkbuf_5_29__f_clk/X                     10     12     -2 (VIOLATED)
clkbuf_5_31__f_clk/X                     10     12     -2 (VIOLATED)
clkbuf_5_4__f_clk/X                      10     12     -2 (VIOLATED)
clkbuf_5_8__f_clk/X                      10     12     -2 (VIOLATED)
clkbuf_leaf_114_clk/X                    10     12     -2 (VIOLATED)
clkbuf_leaf_123_clk/X                    10     12     -2 (VIOLATED)
clkbuf_leaf_145_clk/X                    10     12     -2 (VIOLATED)
clkbuf_leaf_151_clk/X                    10     12     -2 (VIOLATED)
clkbuf_leaf_159_clk/X                    10     12     -2 (VIOLATED)
clkbuf_leaf_182_clk/X                    10     12     -2 (VIOLATED)
clkbuf_leaf_253_clk/X                    10     12     -2 (VIOLATED)
clkbuf_leaf_25_clk/X                     10     12     -2 (VIOLATED)
clkbuf_leaf_271_clk/X                    10     12     -2 (VIOLATED)
clkbuf_leaf_272_clk/X                    10     12     -2 (VIOLATED)
clkbuf_leaf_338_clk/X                    10     12     -2 (VIOLATED)
clkbuf_leaf_350_clk/X                    10     12     -2 (VIOLATED)
clkbuf_leaf_364_clk/X                    10     12     -2 (VIOLATED)
clkbuf_leaf_369_clk/X                    10     12     -2 (VIOLATED)
clkbuf_leaf_66_clk/X                     10     12     -2 (VIOLATED)
input46/X                                10     12     -2 (VIOLATED)
_22195_/X                                10     11        (VIOLATED)
_38189_/Q                                10     11        (VIOLATED)
_38193_/Q                                10     11        (VIOLATED)
clkbuf_5_14__f_clk/X                     10     11        (VIOLATED)
clkbuf_5_15__f_clk/X                     10     11        (VIOLATED)
clkbuf_5_17__f_clk/X                     10     11        (VIOLATED)
clkbuf_5_18__f_clk/X                     10     11        (VIOLATED)
clkbuf_5_20__f_clk/X                     10     11        (VIOLATED)
clkbuf_leaf_115_clk/X                    10     11        (VIOLATED)
clkbuf_leaf_122_clk/X                    10     11        (VIOLATED)
clkbuf_leaf_142_clk/X                    10     11        (VIOLATED)
clkbuf_leaf_162_clk/X                    10     11        (VIOLATED)
clkbuf_leaf_180_clk/X                    10     11        (VIOLATED)
clkbuf_leaf_211_clk/X                    10     11        (VIOLATED)
clkbuf_leaf_244_clk/X                    10     11        (VIOLATED)
clkbuf_leaf_247_clk/X                    10     11        (VIOLATED)
clkbuf_leaf_275_clk/X                    10     11        (VIOLATED)
clkbuf_leaf_277_clk/X                    10     11        (VIOLATED)
clkbuf_leaf_283_clk/X                    10     11        (VIOLATED)
clkbuf_leaf_289_clk/X                    10     11        (VIOLATED)
clkbuf_leaf_292_clk/X                    10     11        (VIOLATED)
clkbuf_leaf_300_clk/X                    10     11        (VIOLATED)
clkbuf_leaf_333_clk/X                    10     11        (VIOLATED)
clkbuf_leaf_340_clk/X                    10     11        (VIOLATED)
clkbuf_leaf_365_clk/X                    10     11        (VIOLATED)
clkbuf_leaf_36_clk/X                     10     11        (VIOLATED)
clkbuf_leaf_372_clk/X                    10     11        (VIOLATED)
clkbuf_leaf_377_clk/X                    10     11        (VIOLATED)
clkbuf_leaf_46_clk/X                     10     11        (VIOLATED)
clkbuf_leaf_4_clk/X                      10     11        (VIOLATED)
clkbuf_leaf_58_clk/X                     10     11        (VIOLATED)
clkbuf_leaf_5_clk/X                      10     11        (VIOLATED)
clkbuf_leaf_61_clk/X                     10     11        (VIOLATED)
clkbuf_leaf_65_clk/X                     10     11        (VIOLATED)
clkbuf_leaf_67_clk/X                     10     11        (VIOLATED)
clkbuf_leaf_86_clk/X                     10     11        (VIOLATED)
input115/X                               10     11        (VIOLATED)


======================= Slowest Corner ===================================

max slew

Pin                                    Limit    Slew   Slack
------------------------------------------------------------
wire287/A                               0.75    1.07   -0.32 (VIOLATED)
_32140_/Y                               0.75    1.07   -0.32 (VIOLATED)
_36735_/B1                              0.75    1.05   -0.30 (VIOLATED)
_36733_/Y                               0.75    1.05   -0.30 (VIOLATED)
ANTENNA_200/DIODE                       0.75    0.97   -0.22 (VIOLATED)
output211/A                             0.75    0.97   -0.22 (VIOLATED)
ANTENNA_192/DIODE                       0.75    0.97   -0.22 (VIOLATED)
ANTENNA_193/DIODE                       0.75    0.97   -0.22 (VIOLATED)
ANTENNA_194/DIODE                       0.75    0.97   -0.22 (VIOLATED)
ANTENNA_195/DIODE                       0.75    0.97   -0.22 (VIOLATED)
ANTENNA_196/DIODE                       0.75    0.97   -0.22 (VIOLATED)
ANTENNA_201/DIODE                       0.75    0.97   -0.22 (VIOLATED)
ANTENNA_198/DIODE                       0.75    0.97   -0.22 (VIOLATED)
ANTENNA_197/DIODE                       0.75    0.97   -0.22 (VIOLATED)
ANTENNA_199/DIODE                       0.75    0.97   -0.22 (VIOLATED)
_23898_/A                               0.75    0.97   -0.22 (VIOLATED)
_23086_/B                               0.75    0.97   -0.22 (VIOLATED)
_23085_/Y                               0.75    0.97   -0.22 (VIOLATED)
_25500_/B                               0.75    0.96   -0.21 (VIOLATED)
_26266_/A                               0.75    0.96   -0.21 (VIOLATED)
_25499_/Y                               0.75    0.96   -0.21 (VIOLATED)
_18946_/B2                              0.75    0.94   -0.19 (VIOLATED)
_37590_/Q                               0.75    0.94   -0.19 (VIOLATED)
_25475_/B                               0.75    0.93   -0.18 (VIOLATED)
_26278_/A                               0.75    0.93   -0.18 (VIOLATED)
_25474_/Y                               0.75    0.93   -0.18 (VIOLATED)
_25494_/B                               0.75    0.89   -0.14 (VIOLATED)
_26269_/A                               0.75    0.89   -0.14 (VIOLATED)
_25493_/Y                               0.75    0.89   -0.14 (VIOLATED)
wire286/A                               0.75    0.88   -0.13 (VIOLATED)
_32145_/Y                               0.75    0.88   -0.13 (VIOLATED)
output229/A                             0.75    0.87   -0.12 (VIOLATED)
ANTENNA_204/DIODE                       0.75    0.87   -0.12 (VIOLATED)
ANTENNA_205/DIODE                       0.75    0.87   -0.12 (VIOLATED)
_19029_/B2                              0.75    0.85   -0.10 (VIOLATED)
_37601_/Q                               0.75    0.85   -0.10 (VIOLATED)
_25489_/B                               0.75    0.85   -0.10 (VIOLATED)
_26272_/A                               0.75    0.85   -0.10 (VIOLATED)
_25488_/Y                               0.75    0.85   -0.10 (VIOLATED)
_36718_/A                               0.75    0.85   -0.10 (VIOLATED)
ANTENNA_7/DIODE                         0.75    0.85   -0.10 (VIOLATED)
_36727_/C                               0.75    0.85   -0.10 (VIOLATED)
ANTENNA_8/DIODE                         0.75    0.85   -0.10 (VIOLATED)
_36715_/X                               0.75    0.85   -0.10 (VIOLATED)
_25509_/B                               0.75    0.84   -0.09 (VIOLATED)
_26260_/A                               0.75    0.84   -0.09 (VIOLATED)
_25508_/Y                               0.75    0.84   -0.09 (VIOLATED)
wire285/A                               0.75    0.84   -0.09 (VIOLATED)
_32149_/Y                               0.75    0.84   -0.09 (VIOLATED)
_23901_/A                               0.75    0.84   -0.09 (VIOLATED)
_23078_/B                               0.75    0.84   -0.09 (VIOLATED)
_23181_/B                               0.75    0.84   -0.09 (VIOLATED)
_23077_/Y                               0.75    0.84   -0.09 (VIOLATED)
output220/A                             0.75    0.84   -0.09 (VIOLATED)
output218/A                             0.75    0.83   -0.08 (VIOLATED)
_25480_/B                               0.75    0.83   -0.08 (VIOLATED)
_26275_/A                               0.75    0.83   -0.08 (VIOLATED)
_25479_/Y                               0.75    0.83   -0.08 (VIOLATED)
_23886_/A                               0.75    0.83   -0.08 (VIOLATED)
_23116_/B                               0.75    0.83   -0.08 (VIOLATED)
_23115_/Y                               0.75    0.83   -0.08 (VIOLATED)
_33060_/B                               0.75    0.82   -0.07 (VIOLATED)
_33078_/A                               0.75    0.82   -0.07 (VIOLATED)
_33136_/A1                              0.75    0.82   -0.07 (VIOLATED)
_33370_/A                               0.75    0.82   -0.07 (VIOLATED)
_33365_/A                               0.75    0.82   -0.07 (VIOLATED)
_33059_/Y                               0.75    0.82   -0.07 (VIOLATED)
_18967_/B2                              0.75    0.82   -0.07 (VIOLATED)
_37596_/Q                               0.75    0.81   -0.06 (VIOLATED)
clkbuf_0_clk/A                          0.75    0.81   -0.06 (VIOLATED)
ANTENNA_13/DIODE                        0.75    0.81   -0.06 (VIOLATED)
output237/A                             0.75    0.81   -0.06 (VIOLATED)
ANTENNA_236/DIODE                       0.75    0.81   -0.06 (VIOLATED)
clk                                     0.75    0.81   -0.06 (VIOLATED)
_25505_/B                               0.75    0.81   -0.06 (VIOLATED)
_26263_/A                               0.75    0.81   -0.06 (VIOLATED)
_25504_/Y                               0.75    0.81   -0.06 (VIOLATED)
_32946_/A                               0.75    0.81   -0.06 (VIOLATED)
_39924_/Q                               0.75    0.81   -0.06 (VIOLATED)
_23892_/A                               0.75    0.80   -0.05 (VIOLATED)
_23224_/B                               0.75    0.80   -0.05 (VIOLATED)
_23126_/B                               0.75    0.80   -0.05 (VIOLATED)
_23125_/Y                               0.75    0.80   -0.05 (VIOLATED)
_33084_/B                               0.75    0.79   -0.04 (VIOLATED)
_33085_/A                               0.75    0.79   -0.04 (VIOLATED)
_33173_/A1                              0.75    0.79   -0.04 (VIOLATED)
_33115_/C                               0.75    0.79   -0.04 (VIOLATED)
_33517_/B                               0.75    0.79   -0.04 (VIOLATED)
_33416_/A1                              0.75    0.79   -0.04 (VIOLATED)
_33083_/Y                               0.75    0.79   -0.04 (VIOLATED)
output262/A                             0.75    0.79   -0.04 (VIOLATED)
_36727_/B                               0.75    0.79   -0.04 (VIOLATED)
ANTENNA_6/DIODE                         0.75    0.79   -0.04 (VIOLATED)
_36710_/A_N                             0.75    0.79   -0.04 (VIOLATED)
ANTENNA_5/DIODE                         0.75    0.79   -0.04 (VIOLATED)
ANTENNA_4/DIODE                         0.75    0.79   -0.04 (VIOLATED)
_36709_/B                               0.75    0.79   -0.04 (VIOLATED)
_36708_/X                               0.75    0.79   -0.04 (VIOLATED)
_18960_/A1                              0.75    0.79   -0.04 (VIOLATED)
_18967_/A1                              0.75    0.79   -0.04 (VIOLATED)
_18935_/A1                              0.75    0.79   -0.04 (VIOLATED)
_18946_/A1                              0.75    0.79   -0.04 (VIOLATED)
_18953_/A1                              0.75    0.79   -0.04 (VIOLATED)
_18936_/A                               0.75    0.79   -0.04 (VIOLATED)
_18926_/Y                               0.75    0.79   -0.04 (VIOLATED)
_32113_/A1                              0.75    0.79   -0.04 (VIOLATED)
_39885_/Q                               0.75    0.79   -0.04 (VIOLATED)
_23917_/A                               0.75    0.79   -0.04 (VIOLATED)
_23164_/A2                              0.75    0.79   -0.04 (VIOLATED)
_23160_/B                               0.75    0.79   -0.04 (VIOLATED)
_23165_/A2                              0.75    0.79   -0.04 (VIOLATED)
_23062_/B                               0.75    0.79   -0.04 (VIOLATED)
_23060_/Y                               0.75    0.79   -0.04 (VIOLATED)
output249/A                             0.75    0.78   -0.03 (VIOLATED)
_23904_/A                               0.75    0.78   -0.03 (VIOLATED)
_23147_/B                               0.75    0.78   -0.03 (VIOLATED)
_23146_/Y                               0.75    0.78   -0.03 (VIOLATED)
_18877_/B2                              0.75    0.77   -0.02 (VIOLATED)
_37583_/Q                               0.75    0.77   -0.02 (VIOLATED)
_23098_/A2                              0.75    0.77   -0.02 (VIOLATED)
_23066_/A                               0.75    0.77   -0.02 (VIOLATED)
_23104_/A2                              0.75    0.77   -0.02 (VIOLATED)
_23059_/A2                              0.75    0.77   -0.02 (VIOLATED)
_23054_/A2                              0.75    0.77   -0.02 (VIOLATED)
_23024_/A2                              0.75    0.77   -0.02 (VIOLATED)
_23037_/A2                              0.75    0.77   -0.02 (VIOLATED)
_23032_/A2                              0.75    0.77   -0.02 (VIOLATED)
_23009_/Y                               0.75    0.77   -0.02 (VIOLATED)
_33178_/B                               0.75    0.76   -0.01 (VIOLATED)
_33150_/B                               0.75    0.76   -0.01 (VIOLATED)
_33521_/A                               0.75    0.76   -0.01 (VIOLATED)
_33420_/A                               0.75    0.76   -0.01 (VIOLATED)
_33361_/A                               0.75    0.76   -0.01 (VIOLATED)
_33473_/B2                              0.75    0.76   -0.01 (VIOLATED)
_33149_/Y                               0.75    0.76   -0.01 (VIOLATED)
_19119_/B2                              0.75    0.76   -0.01 (VIOLATED)
_37614_/Q                               0.75    0.76   -0.01 (VIOLATED)
_36733_/C                               0.75    0.76   -0.01 (VIOLATED)
_36734_/C                               0.75    0.76   -0.01 (VIOLATED)
_36732_/Y                               0.75    0.76   -0.01 (VIOLATED)
_36729_/A                               0.75    0.75   -0.00 (VIOLATED)
_36728_/A                               0.75    0.75   -0.00 (VIOLATED)
_36726_/Y                               0.75    0.75   -0.00 (VIOLATED)
_19204_/B2                              0.75    0.75   -0.00 (VIOLATED)
_19203_/Y                               0.75    0.75   -0.00 (VIOLATED)
_37387_/A1                              0.75    0.75   -0.00 (VIOLATED)
_37356_/B                               0.75    0.75   -0.00 (VIOLATED)
_37355_/Y                               0.75    0.75   -0.00 (VIOLATED)

max fanout

Pin                                   Limit Fanout  Slack
---------------------------------------------------------
input52/X                                10     25    -15 (VIOLATED)
input111/X                               10     24    -14 (VIOLATED)
input15/X                                10     24    -14 (VIOLATED)
input14/X                                10     22    -12 (VIOLATED)
input116/X                               10     16     -6 (VIOLATED)
input36/X                                10     16     -6 (VIOLATED)
clkbuf_5_11__f_clk/X                     10     15     -5 (VIOLATED)
clkbuf_5_19__f_clk/X                     10     15     -5 (VIOLATED)
clkbuf_5_25__f_clk/X                     10     15     -5 (VIOLATED)
clkbuf_5_3__f_clk/X                      10     15     -5 (VIOLATED)
clkbuf_leaf_181_clk/X                    10     15     -5 (VIOLATED)
clkbuf_leaf_248_clk/X                    10     15     -5 (VIOLATED)
clkbuf_leaf_56_clk/X                     10     15     -5 (VIOLATED)
clkbuf_5_24__f_clk/X                     10     14     -4 (VIOLATED)
clkbuf_5_27__f_clk/X                     10     14     -4 (VIOLATED)
clkbuf_5_28__f_clk/X                     10     14     -4 (VIOLATED)
clkbuf_5_30__f_clk/X                     10     14     -4 (VIOLATED)
clkbuf_5_9__f_clk/X                      10     14     -4 (VIOLATED)
clkbuf_leaf_116_clk/X                    10     14     -4 (VIOLATED)
clkbuf_leaf_157_clk/X                    10     14     -4 (VIOLATED)
clkbuf_leaf_207_clk/X                    10     14     -4 (VIOLATED)
clkbuf_leaf_273_clk/X                    10     14     -4 (VIOLATED)
clkbuf_leaf_317_clk/X                    10     14     -4 (VIOLATED)
clkbuf_leaf_361_clk/X                    10     14     -4 (VIOLATED)
clkbuf_leaf_41_clk/X                     10     14     -4 (VIOLATED)
input24/X                                10     14     -4 (VIOLATED)
_18787_/Y                                10     13     -3 (VIOLATED)
_22398_/X                                10     13     -3 (VIOLATED)
clkbuf_5_16__f_clk/X                     10     13     -3 (VIOLATED)
clkbuf_5_21__f_clk/X                     10     13     -3 (VIOLATED)
clkbuf_5_22__f_clk/X                     10     13     -3 (VIOLATED)
clkbuf_5_23__f_clk/X                     10     13     -3 (VIOLATED)
clkbuf_5_26__f_clk/X                     10     13     -3 (VIOLATED)
clkbuf_leaf_113_clk/X                    10     13     -3 (VIOLATED)
clkbuf_leaf_12_clk/X                     10     13     -3 (VIOLATED)
clkbuf_leaf_163_clk/X                    10     13     -3 (VIOLATED)
clkbuf_leaf_178_clk/X                    10     13     -3 (VIOLATED)
clkbuf_leaf_205_clk/X                    10     13     -3 (VIOLATED)
clkbuf_leaf_209_clk/X                    10     13     -3 (VIOLATED)
clkbuf_leaf_22_clk/X                     10     13     -3 (VIOLATED)
clkbuf_leaf_250_clk/X                    10     13     -3 (VIOLATED)
clkbuf_leaf_261_clk/X                    10     13     -3 (VIOLATED)
clkbuf_leaf_310_clk/X                    10     13     -3 (VIOLATED)
clkbuf_leaf_315_clk/X                    10     13     -3 (VIOLATED)
clkbuf_leaf_318_clk/X                    10     13     -3 (VIOLATED)
clkbuf_leaf_347_clk/X                    10     13     -3 (VIOLATED)
clkbuf_leaf_357_clk/X                    10     13     -3 (VIOLATED)
clkbuf_leaf_48_clk/X                     10     13     -3 (VIOLATED)
clkbuf_leaf_52_clk/X                     10     13     -3 (VIOLATED)
clkbuf_leaf_84_clk/X                     10     13     -3 (VIOLATED)
_37590_/Q                                10     12     -2 (VIOLATED)
clkbuf_5_13__f_clk/X                     10     12     -2 (VIOLATED)
clkbuf_5_1__f_clk/X                      10     12     -2 (VIOLATED)
clkbuf_5_29__f_clk/X                     10     12     -2 (VIOLATED)
clkbuf_5_31__f_clk/X                     10     12     -2 (VIOLATED)
clkbuf_5_4__f_clk/X                      10     12     -2 (VIOLATED)
clkbuf_5_8__f_clk/X                      10     12     -2 (VIOLATED)
clkbuf_leaf_114_clk/X                    10     12     -2 (VIOLATED)
clkbuf_leaf_123_clk/X                    10     12     -2 (VIOLATED)
clkbuf_leaf_145_clk/X                    10     12     -2 (VIOLATED)
clkbuf_leaf_151_clk/X                    10     12     -2 (VIOLATED)
clkbuf_leaf_159_clk/X                    10     12     -2 (VIOLATED)
clkbuf_leaf_182_clk/X                    10     12     -2 (VIOLATED)
clkbuf_leaf_253_clk/X                    10     12     -2 (VIOLATED)
clkbuf_leaf_25_clk/X                     10     12     -2 (VIOLATED)
clkbuf_leaf_271_clk/X                    10     12     -2 (VIOLATED)
clkbuf_leaf_272_clk/X                    10     12     -2 (VIOLATED)
clkbuf_leaf_338_clk/X                    10     12     -2 (VIOLATED)
clkbuf_leaf_350_clk/X                    10     12     -2 (VIOLATED)
clkbuf_leaf_364_clk/X                    10     12     -2 (VIOLATED)
clkbuf_leaf_369_clk/X                    10     12     -2 (VIOLATED)
clkbuf_leaf_66_clk/X                     10     12     -2 (VIOLATED)
input46/X                                10     12     -2 (VIOLATED)
_22195_/X                                10     11        (VIOLATED)
_38189_/Q                                10     11        (VIOLATED)
_38193_/Q                                10     11        (VIOLATED)
clkbuf_5_14__f_clk/X                     10     11        (VIOLATED)
clkbuf_5_15__f_clk/X                     10     11        (VIOLATED)
clkbuf_5_17__f_clk/X                     10     11        (VIOLATED)
clkbuf_5_18__f_clk/X                     10     11        (VIOLATED)
clkbuf_5_20__f_clk/X                     10     11        (VIOLATED)
clkbuf_leaf_115_clk/X                    10     11        (VIOLATED)
clkbuf_leaf_122_clk/X                    10     11        (VIOLATED)
clkbuf_leaf_142_clk/X                    10     11        (VIOLATED)
clkbuf_leaf_162_clk/X                    10     11        (VIOLATED)
clkbuf_leaf_180_clk/X                    10     11        (VIOLATED)
clkbuf_leaf_211_clk/X                    10     11        (VIOLATED)
clkbuf_leaf_244_clk/X                    10     11        (VIOLATED)
clkbuf_leaf_247_clk/X                    10     11        (VIOLATED)
clkbuf_leaf_275_clk/X                    10     11        (VIOLATED)
clkbuf_leaf_277_clk/X                    10     11        (VIOLATED)
clkbuf_leaf_283_clk/X                    10     11        (VIOLATED)
clkbuf_leaf_289_clk/X                    10     11        (VIOLATED)
clkbuf_leaf_292_clk/X                    10     11        (VIOLATED)
clkbuf_leaf_300_clk/X                    10     11        (VIOLATED)
clkbuf_leaf_333_clk/X                    10     11        (VIOLATED)
clkbuf_leaf_340_clk/X                    10     11        (VIOLATED)
clkbuf_leaf_365_clk/X                    10     11        (VIOLATED)
clkbuf_leaf_36_clk/X                     10     11        (VIOLATED)
clkbuf_leaf_372_clk/X                    10     11        (VIOLATED)
clkbuf_leaf_377_clk/X                    10     11        (VIOLATED)
clkbuf_leaf_46_clk/X                     10     11        (VIOLATED)
clkbuf_leaf_4_clk/X                      10     11        (VIOLATED)
clkbuf_leaf_58_clk/X                     10     11        (VIOLATED)
clkbuf_leaf_5_clk/X                      10     11        (VIOLATED)
clkbuf_leaf_61_clk/X                     10     11        (VIOLATED)
clkbuf_leaf_65_clk/X                     10     11        (VIOLATED)
clkbuf_leaf_67_clk/X                     10     11        (VIOLATED)
clkbuf_leaf_86_clk/X                     10     11        (VIOLATED)
input115/X                               10     11        (VIOLATED)


======================= Typical Corner ===================================

max fanout

Pin                                   Limit Fanout  Slack
---------------------------------------------------------
input52/X                                10     25    -15 (VIOLATED)
input111/X                               10     24    -14 (VIOLATED)
input15/X                                10     24    -14 (VIOLATED)
input14/X                                10     22    -12 (VIOLATED)
input116/X                               10     16     -6 (VIOLATED)
input36/X                                10     16     -6 (VIOLATED)
clkbuf_5_11__f_clk/X                     10     15     -5 (VIOLATED)
clkbuf_5_19__f_clk/X                     10     15     -5 (VIOLATED)
clkbuf_5_25__f_clk/X                     10     15     -5 (VIOLATED)
clkbuf_5_3__f_clk/X                      10     15     -5 (VIOLATED)
clkbuf_leaf_181_clk/X                    10     15     -5 (VIOLATED)
clkbuf_leaf_248_clk/X                    10     15     -5 (VIOLATED)
clkbuf_leaf_56_clk/X                     10     15     -5 (VIOLATED)
clkbuf_5_24__f_clk/X                     10     14     -4 (VIOLATED)
clkbuf_5_27__f_clk/X                     10     14     -4 (VIOLATED)
clkbuf_5_28__f_clk/X                     10     14     -4 (VIOLATED)
clkbuf_5_30__f_clk/X                     10     14     -4 (VIOLATED)
clkbuf_5_9__f_clk/X                      10     14     -4 (VIOLATED)
clkbuf_leaf_116_clk/X                    10     14     -4 (VIOLATED)
clkbuf_leaf_157_clk/X                    10     14     -4 (VIOLATED)
clkbuf_leaf_207_clk/X                    10     14     -4 (VIOLATED)
clkbuf_leaf_273_clk/X                    10     14     -4 (VIOLATED)
clkbuf_leaf_317_clk/X                    10     14     -4 (VIOLATED)
clkbuf_leaf_361_clk/X                    10     14     -4 (VIOLATED)
clkbuf_leaf_41_clk/X                     10     14     -4 (VIOLATED)
input24/X                                10     14     -4 (VIOLATED)
_18787_/Y                                10     13     -3 (VIOLATED)
_22398_/X                                10     13     -3 (VIOLATED)
clkbuf_5_16__f_clk/X                     10     13     -3 (VIOLATED)
clkbuf_5_21__f_clk/X                     10     13     -3 (VIOLATED)
clkbuf_5_22__f_clk/X                     10     13     -3 (VIOLATED)
clkbuf_5_23__f_clk/X                     10     13     -3 (VIOLATED)
clkbuf_5_26__f_clk/X                     10     13     -3 (VIOLATED)
clkbuf_leaf_113_clk/X                    10     13     -3 (VIOLATED)
clkbuf_leaf_12_clk/X                     10     13     -3 (VIOLATED)
clkbuf_leaf_163_clk/X                    10     13     -3 (VIOLATED)
clkbuf_leaf_178_clk/X                    10     13     -3 (VIOLATED)
clkbuf_leaf_205_clk/X                    10     13     -3 (VIOLATED)
clkbuf_leaf_209_clk/X                    10     13     -3 (VIOLATED)
clkbuf_leaf_22_clk/X                     10     13     -3 (VIOLATED)
clkbuf_leaf_250_clk/X                    10     13     -3 (VIOLATED)
clkbuf_leaf_261_clk/X                    10     13     -3 (VIOLATED)
clkbuf_leaf_310_clk/X                    10     13     -3 (VIOLATED)
clkbuf_leaf_315_clk/X                    10     13     -3 (VIOLATED)
clkbuf_leaf_318_clk/X                    10     13     -3 (VIOLATED)
clkbuf_leaf_347_clk/X                    10     13     -3 (VIOLATED)
clkbuf_leaf_357_clk/X                    10     13     -3 (VIOLATED)
clkbuf_leaf_48_clk/X                     10     13     -3 (VIOLATED)
clkbuf_leaf_52_clk/X                     10     13     -3 (VIOLATED)
clkbuf_leaf_84_clk/X                     10     13     -3 (VIOLATED)
_37590_/Q                                10     12     -2 (VIOLATED)
clkbuf_5_13__f_clk/X                     10     12     -2 (VIOLATED)
clkbuf_5_1__f_clk/X                      10     12     -2 (VIOLATED)
clkbuf_5_29__f_clk/X                     10     12     -2 (VIOLATED)
clkbuf_5_31__f_clk/X                     10     12     -2 (VIOLATED)
clkbuf_5_4__f_clk/X                      10     12     -2 (VIOLATED)
clkbuf_5_8__f_clk/X                      10     12     -2 (VIOLATED)
clkbuf_leaf_114_clk/X                    10     12     -2 (VIOLATED)
clkbuf_leaf_123_clk/X                    10     12     -2 (VIOLATED)
clkbuf_leaf_145_clk/X                    10     12     -2 (VIOLATED)
clkbuf_leaf_151_clk/X                    10     12     -2 (VIOLATED)
clkbuf_leaf_159_clk/X                    10     12     -2 (VIOLATED)
clkbuf_leaf_182_clk/X                    10     12     -2 (VIOLATED)
clkbuf_leaf_253_clk/X                    10     12     -2 (VIOLATED)
clkbuf_leaf_25_clk/X                     10     12     -2 (VIOLATED)
clkbuf_leaf_271_clk/X                    10     12     -2 (VIOLATED)
clkbuf_leaf_272_clk/X                    10     12     -2 (VIOLATED)
clkbuf_leaf_338_clk/X                    10     12     -2 (VIOLATED)
clkbuf_leaf_350_clk/X                    10     12     -2 (VIOLATED)
clkbuf_leaf_364_clk/X                    10     12     -2 (VIOLATED)
clkbuf_leaf_369_clk/X                    10     12     -2 (VIOLATED)
clkbuf_leaf_66_clk/X                     10     12     -2 (VIOLATED)
input46/X                                10     12     -2 (VIOLATED)
_22195_/X                                10     11        (VIOLATED)
_38189_/Q                                10     11        (VIOLATED)
_38193_/Q                                10     11        (VIOLATED)
clkbuf_5_14__f_clk/X                     10     11        (VIOLATED)
clkbuf_5_15__f_clk/X                     10     11        (VIOLATED)
clkbuf_5_17__f_clk/X                     10     11        (VIOLATED)
clkbuf_5_18__f_clk/X                     10     11        (VIOLATED)
clkbuf_5_20__f_clk/X                     10     11        (VIOLATED)
clkbuf_leaf_115_clk/X                    10     11        (VIOLATED)
clkbuf_leaf_122_clk/X                    10     11        (VIOLATED)
clkbuf_leaf_142_clk/X                    10     11        (VIOLATED)
clkbuf_leaf_162_clk/X                    10     11        (VIOLATED)
clkbuf_leaf_180_clk/X                    10     11        (VIOLATED)
clkbuf_leaf_211_clk/X                    10     11        (VIOLATED)
clkbuf_leaf_244_clk/X                    10     11        (VIOLATED)
clkbuf_leaf_247_clk/X                    10     11        (VIOLATED)
clkbuf_leaf_275_clk/X                    10     11        (VIOLATED)
clkbuf_leaf_277_clk/X                    10     11        (VIOLATED)
clkbuf_leaf_283_clk/X                    10     11        (VIOLATED)
clkbuf_leaf_289_clk/X                    10     11        (VIOLATED)
clkbuf_leaf_292_clk/X                    10     11        (VIOLATED)
clkbuf_leaf_300_clk/X                    10     11        (VIOLATED)
clkbuf_leaf_333_clk/X                    10     11        (VIOLATED)
clkbuf_leaf_340_clk/X                    10     11        (VIOLATED)
clkbuf_leaf_365_clk/X                    10     11        (VIOLATED)
clkbuf_leaf_36_clk/X                     10     11        (VIOLATED)
clkbuf_leaf_372_clk/X                    10     11        (VIOLATED)
clkbuf_leaf_377_clk/X                    10     11        (VIOLATED)
clkbuf_leaf_46_clk/X                     10     11        (VIOLATED)
clkbuf_leaf_4_clk/X                      10     11        (VIOLATED)
clkbuf_leaf_58_clk/X                     10     11        (VIOLATED)
clkbuf_leaf_5_clk/X                      10     11        (VIOLATED)
clkbuf_leaf_61_clk/X                     10     11        (VIOLATED)
clkbuf_leaf_65_clk/X                     10     11        (VIOLATED)
clkbuf_leaf_67_clk/X                     10     11        (VIOLATED)
clkbuf_leaf_86_clk/X                     10     11        (VIOLATED)
input115/X                               10     11        (VIOLATED)



===========================================================================
report_parasitic_annotation -report_unannotated
============================================================================
Found 0 unannotated drivers.
Found 0 partially unannotated drivers.

===========================================================================
max slew violation count 148
max fanout violation count 110
max cap violation count 0
============================================================================

===========================================================================
check_setup -verbose -unconstrained_endpoints -multiple_clock -no_clock -no_input_delay -loops -generated_clocks
===========================================================================
